<html>
<body>
<pre>
<h1>µVision Build Log</h1>
<h2>Tool Versions:</h2>
IDE-Version: µVision V5.43.1.0
Copyright (C) 2025 ARM Ltd and ARM Germany GmbH. All rights reserved.
License Information: tuyen pham, tft, LIC=----
 
Tool Versions:
Toolchain:       MDK-Lite  Version: 5.43.0.0
Toolchain Path:  C:\Users\Admin\AppData\Local\Keil_v5\ARM\ARMCLANG\Bin
C Compiler:      ArmClang.exe V6.24
Assembler:       Armasm.exe V6.24
Linker/Locator:  ArmLink.exe V6.24
Library Manager: ArmAr.exe V6.24
Hex Converter:   FromElf.exe V6.24
CPU DLL:         SARMCM3.DLL V5.43.0.0
Dialog DLL:      DCM.DLL V1.17.5.0
Target DLL:      STLink\ST-LINKIII-KEIL_SWO.dll V3.3.1.0
Dialog DLL:      TCM.DLL V1.56.6.0
 
<h2>Project:</h2>
C:\Users\Admin\Desktop\STM32F103\Embedded30Days\Day31_Task Notification\RTOS4.uvprojx
Project File Date:  11/21/2025

<h2>Output:</h2>
*** Using Compiler 'V6.24', folder: 'C:\Users\Admin\AppData\Local\Keil_v5\ARM\ARMCLANG\Bin'
Build target 'RTOS4'
compiling RTOS4.c...
linking...
Program Size: Code=23340 RO-data=1044 RW-data=8 ZI-data=13000  
".\Objects\RTOS4.axf" - 0 Error(s), 0 Warning(s).

<h2>Software Packages used:</h2>

Package Vendor: ARM
                https://www.keil.com/pack/ARM.CMSIS.6.2.0.pack
                ARM::CMSIS@6.2.0
                CMSIS (Common Microcontroller Software Interface Standard)
   * Component: CORE Version: 6.1.1
   * Component: SysTick Version: 1.0.5
   * Component: OS Tick Version: 1.0.1
   * Component: RTOS2 Version: 2.3.0

Package Vendor: ARM
                https://www.keil.com/pack/ARM.CMSIS-FreeRTOS.11.2.0.pack
                ARM::CMSIS-FreeRTOS@11.2.0
                Bundle of FreeRTOS for Cortex-M and Cortex-A
   * Component: FreeRTOS Variant: Cortex-M Version: 11.2.0
   * Component: Config Variant: CMSIS RTOS2 Version: 11.2.0
   * Component: Core Variant: Cortex-M Version: 11.2.0
   * Component: Event Groups Version: 11.2.0
   * Component: Heap Variant: Heap_4 Version: 11.2.0
   * Component: Timers Version: 11.2.0

Package Vendor: Keil
                http://www.keil.com/pack/Keil.STM32F1xx_DFP.2.3.0.pack
                Keil::STM32F1xx_DFP@2.3.0
                STMicroelectronics STM32F1 Series Device Support, Drivers and Examples
   * Component: Startup Version: 1.0.0

<h2>Collection of Component include folders:</h2>
  ./RTE/Device/STM32F103C8
  ./RTE/RTOS
  ./RTE/_RTOS4
  C:/Users/Admin/AppData/Local/Arm/Packs/ARM/CMSIS-FreeRTOS/11.2.0/CMSIS/RTOS2/FreeRTOS/Include
  C:/Users/Admin/AppData/Local/Arm/Packs/ARM/CMSIS-FreeRTOS/11.2.0/Source/include
  C:/Users/Admin/AppData/Local/Arm/Packs/ARM/CMSIS-FreeRTOS/11.2.0/Source/portable/GCC/ARM_CM3
  C:/Users/Admin/AppData/Local/Arm/Packs/ARM/CMSIS/6.2.0/CMSIS/Core/Include
  C:/Users/Admin/AppData/Local/Arm/Packs/ARM/CMSIS/6.2.0/CMSIS/RTOS2/Include
  C:/Users/Admin/AppData/Local/Arm/Packs/Keil/STM32F1xx_DFP/2.3.0/Device/Include

<h2>Collection of Component Files used:</h2>

   * Component: ARM::CMSIS:CORE@6.1.1

   * Component: ARM::CMSIS:OS Tick:SysTick@1.0.5
      Source file:   CMSIS/RTOS2/Source/os_systick.c

   * Component: ARM::CMSIS:RTOS2:FreeRTOS&Cortex-M@11.2.0
      Include file:  CMSIS/RTOS2/FreeRTOS/Include/freertos_mpool.h
      Source file:   CMSIS/RTOS2/FreeRTOS/Source/clib_os.c
      Source file:   CMSIS/RTOS2/FreeRTOS/Source/cmsis_os2.c

   * Component: ARM::RTOS&FreeRTOS:Config&CMSIS RTOS2@11.2.0
      Include file:  CMSIS/RTOS2/FreeRTOS/Config/FreeRTOSConfig.h

   * Component: ARM::RTOS&FreeRTOS:Core&Cortex-M@11.2.0
      Include file:  Source/include/semphr.h
      Include file:  Source/include/FreeRTOS.h
      Include file:  Source/include/queue.h
      Source file:   Source/queue.c
      Source file:   Source/tasks.c
      Source file:   Source/portable/GCC/ARM_CM3/port.c
      Include file:  Source/include/task.h
      Source file:   Source/list.c
      Source file:   CMSIS/RTOS2/FreeRTOS/Source/freertos_evr.c

   * Component: ARM::RTOS&FreeRTOS:Event Groups@11.2.0
      Include file:  Source/include/event_groups.h
      Source file:   Source/event_groups.c

   * Component: ARM::RTOS&FreeRTOS:Heap&Heap_4@11.2.0
      Source file:   Source/portable/MemMang/heap_4.c

   * Component: ARM::RTOS&FreeRTOS:Timers@11.2.0
      Include file:  Source/include/timers.h
      Source file:   Source/timers.c

   * Component: CMSIS:OS Tick(API)@1.0.1
      Include file:  CMSIS/RTOS2/Include/os_tick.h

   * Component: CMSIS:RTOS2(API)@2.3.0
      Include file:  CMSIS/RTOS2/Include/cmsis_os2.h

   * Component: Keil::Device:Startup@1.0.0
      Include file:  RTE_Driver/Config/RTE_Device.h
      Source file:   Device/Source/ARM/startup_stm32f10x_md.s
      Source file:   Device/Source/ARM/STM32F1xx_OPT.s
      Source file:   Device/Source/system_stm32f10x.c
Build Time Elapsed:  00:00:01
</pre>
</body>
</html>
