Component: Arm Compiler for Embedded 6.24 Tool: armlink [5f371500]

==============================================================================

Section Cross References

    rtos4.o(.text.main) refers to rtos4.o(.text.SystemClock_Config) for SystemClock_Config
    rtos4.o(.text.main) refers to rtos4.o(.text.GPIO_Config) for GPIO_Config
    rtos4.o(.text.main) refers to rtos4.o(.text.UART1_Config) for UART1_Config
    rtos4.o(.text.main) refers to rtos4.o(.text.ADC1_Config) for ADC1_Config
    rtos4.o(.text.main) refers to rtos4.o(.rodata.str1.1) for .L.str
    rtos4.o(.text.main) refers to rtos4.o(.text.UART1_SendString) for UART1_SendString
    rtos4.o(.text.main) refers to queue.o(.text.xQueueCreateMutex) for xQueueCreateMutex
    rtos4.o(.text.main) refers to rtos4.o(.bss.xUART_Mutex) for xUART_Mutex
    rtos4.o(.text.main) refers to rtos4.o(.text.TIM2_Config) for TIM2_Config
    rtos4.o(.text.main) refers to rtos4.o(.text.Task_Status) for Task_Status
    rtos4.o(.text.main) refers to tasks.o(.text.xTaskCreate) for xTaskCreate
    rtos4.o(.text.main) refers to rtos4.o(.text.Task_ADC) for Task_ADC
    rtos4.o(.text.main) refers to rtos4.o(.bss.xTimerTaskHandle) for xTimerTaskHandle
    rtos4.o(.text.main) refers to rtos4.o(.text.Task_TimerHandler) for Task_TimerHandler
    rtos4.o(.text.main) refers to tasks.o(.text.vTaskStartScheduler) for vTaskStartScheduler
    rtos4.o(.ARM.exidx.text.main) refers to rtos4.o(.text.main) for [Anonymous Symbol]
    rtos4.o(.ARM.exidx.text.SystemClock_Config) refers to rtos4.o(.text.SystemClock_Config) for [Anonymous Symbol]
    rtos4.o(.ARM.exidx.text.GPIO_Config) refers to rtos4.o(.text.GPIO_Config) for [Anonymous Symbol]
    rtos4.o(.ARM.exidx.text.UART1_Config) refers to rtos4.o(.text.UART1_Config) for [Anonymous Symbol]
    rtos4.o(.text.ADC1_Config) refers to rtos4.o(.text.delay_ms) for delay_ms
    rtos4.o(.ARM.exidx.text.ADC1_Config) refers to rtos4.o(.text.ADC1_Config) for [Anonymous Symbol]
    rtos4.o(.text.UART1_SendString) refers to rtos4.o(.text.UART1_SendChar) for UART1_SendChar
    rtos4.o(.ARM.exidx.text.UART1_SendString) refers to rtos4.o(.text.UART1_SendString) for [Anonymous Symbol]
    rtos4.o(.text.TIM2_Config) refers to rtos4.o(.text.__NVIC_SetPriority) for __NVIC_SetPriority
    rtos4.o(.text.TIM2_Config) refers to rtos4.o(.text.__NVIC_EnableIRQ) for __NVIC_EnableIRQ
    rtos4.o(.ARM.exidx.text.TIM2_Config) refers to rtos4.o(.text.TIM2_Config) for [Anonymous Symbol]
    rtos4.o(.text.Task_Status) refers to rtos4.o(.bss.xUART_Mutex) for xUART_Mutex
    rtos4.o(.text.Task_Status) refers to queue.o(.text.xQueueSemaphoreTake) for xQueueSemaphoreTake
    rtos4.o(.text.Task_Status) refers to rtos4.o(.rodata.str1.1) for .L.str.8
    rtos4.o(.text.Task_Status) refers to rtos4.o(.text.UART1_SendString) for UART1_SendString
    rtos4.o(.text.Task_Status) refers to queue.o(.text.xQueueGenericSend) for xQueueGenericSend
    rtos4.o(.text.Task_Status) refers to tasks.o(.text.vTaskDelay) for vTaskDelay
    rtos4.o(.ARM.exidx.text.Task_Status) refers to rtos4.o(.text.Task_Status) for [Anonymous Symbol]
    rtos4.o(.text.Task_ADC) refers to rtos4.o(.text.readADC_Avg) for readADC_Avg
    rtos4.o(.text.Task_ADC) refers to rtos4.o(.bss.xUART_Mutex) for xUART_Mutex
    rtos4.o(.text.Task_ADC) refers to queue.o(.text.xQueueSemaphoreTake) for xQueueSemaphoreTake
    rtos4.o(.text.Task_ADC) refers to rtos4.o(.rodata.str1.1) for .L.str.9
    rtos4.o(.text.Task_ADC) refers to snprintf.o(.text) for snprintf
    rtos4.o(.text.Task_ADC) refers to rtos4.o(.text.UART1_SendString) for UART1_SendString
    rtos4.o(.text.Task_ADC) refers to queue.o(.text.xQueueGenericSend) for xQueueGenericSend
    rtos4.o(.text.Task_ADC) refers to tasks.o(.text.vTaskDelay) for vTaskDelay
    rtos4.o(.ARM.exidx.text.Task_ADC) refers to rtos4.o(.text.Task_ADC) for [Anonymous Symbol]
    rtos4.o(.text.Task_TimerHandler) refers to tasks.o(.text.ulTaskGenericNotifyTake) for ulTaskGenericNotifyTake
    rtos4.o(.text.Task_TimerHandler) refers to rtos4.o(.bss.xUART_Mutex) for xUART_Mutex
    rtos4.o(.text.Task_TimerHandler) refers to queue.o(.text.xQueueSemaphoreTake) for xQueueSemaphoreTake
    rtos4.o(.text.Task_TimerHandler) refers to rtos4.o(.rodata.str1.1) for .L.str.7
    rtos4.o(.text.Task_TimerHandler) refers to rtos4.o(.text.UART1_SendString) for UART1_SendString
    rtos4.o(.text.Task_TimerHandler) refers to queue.o(.text.xQueueGenericSend) for xQueueGenericSend
    rtos4.o(.ARM.exidx.text.Task_TimerHandler) refers to rtos4.o(.text.Task_TimerHandler) for [Anonymous Symbol]
    rtos4.o(.text.TIM2_IRQHandler) refers to rtos4.o(.bss.xTimerTaskHandle) for xTimerTaskHandle
    rtos4.o(.text.TIM2_IRQHandler) refers to tasks.o(.text.vTaskGenericNotifyGiveFromISR) for vTaskGenericNotifyGiveFromISR
    rtos4.o(.ARM.exidx.text.TIM2_IRQHandler) refers to rtos4.o(.text.TIM2_IRQHandler) for [Anonymous Symbol]
[...]
    .L.str.4                                 0x08005d14   Data          41  rtos4.o(.rodata.str1.1)
    [Anonymous Symbol]                       0x08005d14   Section        0  rtos4.o(.rodata.str1.1)
    .L.str.6                                 0x08005d3d   Data          35  rtos4.o(.rodata.str1.1)
    .L.str.8                                 0x08005d60   Data          21  rtos4.o(.rodata.str1.1)
    .L.str.5                                 0x08005d75   Data          23  rtos4.o(.rodata.str1.1)
    .L.str.7                                 0x08005d8c   Data          21  rtos4.o(.rodata.str1.1)
    .L.str                                   0x08005da1   Data          30  rtos4.o(.rodata.str1.1)
    .L.str.9                                 0x08005dbf   Data          19  rtos4.o(.rodata.str1.1)
    .L.str.2                                 0x08005dd2   Data           4  rtos4.o(.rodata.str1.1)
    .L.str.3                                 0x08005dd6   Data           6  rtos4.o(.rodata.str1.1)
    .L.str.1                                 0x08005ddc   Data           7  rtos4.o(.rodata.str1.1)
    .L.str                                   0x08005de3   Data           5  tasks.o(.rodata.str1.1)
    [Anonymous Symbol]                       0x08005de3   Section        0  tasks.o(.rodata.str1.1)
    .L.str                                   0x08005de8   Data           8  timers.o(.rodata.str1.1)
    [Anonymous Symbol]                       0x08005de8   Section        0  timers.o(.rodata.str1.1)
    uxTopUsedPriority                        0x08005df0   Data           4  tasks.o(.rodata.uxTopUsedPriority)
    [Anonymous Symbol]                       0x08005df0   Section        0  tasks.o(.rodata.uxTopUsedPriority)
    locale$$data                             0x08005e14   Section       28  lc_numeric_c.o(locale$$data)
    __lcnum_c_name                           0x08005e18   Data           2  lc_numeric_c.o(locale$$data)
    __lcnum_c_start                          0x08005e20   Data           0  lc_numeric_c.o(locale$$data)
    __lcnum_c_point                          0x08005e2c   Data           0  lc_numeric_c.o(locale$$data)
    __lcnum_c_thousands                      0x08005e2e   Data           0  lc_numeric_c.o(locale$$data)
    __lcnum_c_grouping                       0x08005e2f   Data           0  lc_numeric_c.o(locale$$data)
    __lcnum_c_end                            0x08005e30   Data           0  lc_numeric_c.o(locale$$data)
    locale$$data                             0x08005e30   Section      272  lc_ctype_c.o(locale$$data)
    __lcctype_c_name                         0x08005e34   Data           2  lc_ctype_c.o(locale$$data)
    __lcctype_c_start                        0x08005e3c   Data           0  lc_ctype_c.o(locale$$data)
    __lcctype_c_end                          0x08005f40   Data           0  lc_ctype_c.o(locale$$data)
    uxCriticalNesting                        0x20000004   Data           4  port.o(.data.uxCriticalNesting)
    [Anonymous Symbol]                       0x20000004   Section        0  port.o(.data.uxCriticalNesting)
    .bss                                     0x20000008   Section       96  libspace.o(.bss)
    clib_mutex_cb                            0x20000068   Data         400  clib_os.o(.bss.clib_mutex_cb)
    [Anonymous Symbol]                       0x20000068   Section        0  clib_os.o(.bss.clib_mutex_cb)
    clib_mutex_id                            0x200001f8   Data          20  clib_os.o(.bss.clib_mutex_id)
    [Anonymous Symbol]                       0x200001f8   Section        0  clib_os.o(.bss.clib_mutex_id)
    prvCheckForValidListAndQueue.ucStaticTimerQueueStorage 0x2000020c   Data          80  timers.o(.bss.prvCheckForValidListAndQueue.ucStaticTimerQueueStorage)
    [Anonymous Symbol]                       0x2000020c   Section        0  timers.o(.bss.prvCheckForValidListAndQueue.ucStaticTimerQueueStorage)
    prvCheckForValidListAndQueue.xStaticTimerQueue 0x2000025c   Data          80  timers.o(.bss.prvCheckForValidListAndQueue.xStaticTimerQueue)
    [Anonymous Symbol]                       0x2000025c   Section        0  timers.o(.bss.prvCheckForValidListAndQueue.xStaticTimerQueue)
    prvSampleTimeNow.xLastTime               0x200002ac   Data           4  timers.o(.bss.prvSampleTimeNow.xLastTime)
    [Anonymous Symbol]                       0x200002ac   Section        0  timers.o(.bss.prvSampleTimeNow.xLastTime)
    __tagsym$$used.1                         0x200002b0   Number         0  tasks.o(.bss.pxCurrentTCB)
    pxCurrentTimerList                       0x200002b4   Data           4  timers.o(.bss.pxCurrentTimerList)
    [Anonymous Symbol]                       0x200002b4   Section        0  timers.o(.bss.pxCurrentTimerList)
    pxDelayedTaskList                        0x200002b8   Data           4  tasks.o(.bss.pxDelayedTaskList)
    [Anonymous Symbol]                       0x200002b8   Section        0  tasks.o(.bss.pxDelayedTaskList)
    pxEnd                                    0x200002bc   Data           4  heap_4.o(.bss.pxEnd)
    [Anonymous Symbol]                       0x200002bc   Section        0  heap_4.o(.bss.pxEnd)
    pxOverflowDelayedTaskList                0x200002c0   Data           4  tasks.o(.bss.pxOverflowDelayedTaskList)
    [Anonymous Symbol]                       0x200002c0   Section        0  tasks.o(.bss.pxOverflowDelayedTaskList)
    pxOverflowTimerList                      0x200002c4   Data           4  timers.o(.bss.pxOverflowTimerList)
    [Anonymous Symbol]                       0x200002c4   Section        0  timers.o(.bss.pxOverflowTimerList)
    pxReadyTasksLists                        0x200002c8   Data        1120  tasks.o(.bss.pxReadyTasksLists)
    [Anonymous Symbol]                       0x200002c8   Section        0  tasks.o(.bss.pxReadyTasksLists)
    ucHeap                                   0x20000728   Data        8192  heap_4.o(.bss.ucHeap)
    [Anonymous Symbol]                       0x20000728   Section        0  heap_4.o(.bss.ucHeap)
    ucMaxSysCallPriority                     0x20002728   Data           1  port.o(.bss.ucMaxSysCallPriority)
    [Anonymous Symbol]                       0x20002728   Section        0  port.o(.bss.ucMaxSysCallPriority)
    ulMaxPRIGROUPValue                       0x2000272c   Data           4  port.o(.bss.ulMaxPRIGROUPValue)
    [Anonymous Symbol]                       0x2000272c   Section        0  port.o(.bss.ulMaxPRIGROUPValue)
    uxCurrentNumberOfTasks                   0x20002730   Data           4  tasks.o(.bss.uxCurrentNumberOfTasks)
    [Anonymous Symbol]                       0x20002730   Section        0  tasks.o(.bss.uxCurrentNumberOfTasks)
    uxDeletedTasksWaitingCleanUp             0x20002734   Data           4  tasks.o(.bss.uxDeletedTasksWaitingCleanUp)
    [Anonymous Symbol]                       0x20002734   Section        0  tasks.o(.bss.uxDeletedTasksWaitingCleanUp)
    uxSchedulerSuspended                     0x20002738   Data           4  tasks.o(.bss.uxSchedulerSuspended)
    [Anonymous Symbol]                       0x20002738   Section        0  tasks.o(.bss.uxSchedulerSuspended)
    uxTaskNumber                             0x2000273c   Data           4  tasks.o(.bss.uxTaskNumber)
    [Anonymous Symbol]                       0x2000273c   Section        0  tasks.o(.bss.uxTaskNumber)
    uxTopReadyPriority                       0x20002740   Data           4  tasks.o(.bss.uxTopReadyPriority)
    [Anonymous Symbol]                       0x20002740   Section        0  tasks.o(.bss.uxTopReadyPriority)
    vApplicationGetIdleTaskMemory.uxIdleTaskStack 0x20002744   Data         512  tasks.o(.bss.vApplicationGetIdleTaskMemory.uxIdleTaskStack)
    [Anonymous Symbol]                       0x20002744   Section        0  tasks.o(.bss.vApplicationGetIdleTaskMemory.uxIdleTaskStack)
    vApplicationGetIdleTaskMemory.xIdleTaskTCB 0x20002944   Data          92  tasks.o(.bss.vApplicationGetIdleTaskMemory.xIdleTaskTCB)
    [Anonymous Symbol]                       0x20002944   Section        0  tasks.o(.bss.vApplicationGetIdleTaskMemory.xIdleTaskTCB)
    vApplicationGetTimerTaskMemory.uxTimerTaskStack 0x200029a0   Data         512  tasks.o(.bss.vApplicationGetTimerTaskMemory.uxTimerTaskStack)
    [Anonymous Symbol]                       0x200029a0   Section        0  tasks.o(.bss.vApplicationGetTimerTaskMemory.uxTimerTaskStack)
    vApplicationGetTimerTaskMemory.xTimerTaskTCB 0x20002ba0   Data          92  tasks.o(.bss.vApplicationGetTimerTaskMemory.xTimerTaskTCB)
    [Anonymous Symbol]                       0x20002ba0   Section        0  tasks.o(.bss.vApplicationGetTimerTaskMemory.xTimerTaskTCB)
    xActiveTimerList1                        0x20002bfc   Data          20  timers.o(.bss.xActiveTimerList1)
    [Anonymous Symbol]                       0x20002bfc   Section        0  timers.o(.bss.xActiveTimerList1)
    xActiveTimerList2                        0x20002c10   Data          20  timers.o(.bss.xActiveTimerList2)
    [Anonymous Symbol]                       0x20002c10   Section        0  timers.o(.bss.xActiveTimerList2)
    xDelayedTaskList1                        0x20002c24   Data          20  tasks.o(.bss.xDelayedTaskList1)
    [Anonymous Symbol]                       0x20002c24   Section        0  tasks.o(.bss.xDelayedTaskList1)
    xDelayedTaskList2                        0x20002c38   Data          20  tasks.o(.bss.xDelayedTaskList2)
    [Anonymous Symbol]                       0x20002c38   Section        0  tasks.o(.bss.xDelayedTaskList2)
    xFreeBytesRemaining                      0x20002c4c   Data           4  heap_4.o(.bss.xFreeBytesRemaining)
    [Anonymous Symbol]                       0x20002c4c   Section        0  heap_4.o(.bss.xFreeBytesRemaining)
    xIdleTaskHandles                         0x20002c50   Data           4  tasks.o(.bss.xIdleTaskHandles)
    [Anonymous Symbol]                       0x20002c50   Section        0  tasks.o(.bss.xIdleTaskHandles)
    xMinimumEverFreeBytesRemaining           0x20002c54   Data           4  heap_4.o(.bss.xMinimumEverFreeBytesRemaining)
    [Anonymous Symbol]                       0x20002c54   Section        0  heap_4.o(.bss.xMinimumEverFreeBytesRemaining)
    xNextTaskUnblockTime                     0x20002c58   Data           4  tasks.o(.bss.xNextTaskUnblockTime)
    [Anonymous Symbol]                       0x20002c58   Section        0  tasks.o(.bss.xNextTaskUnblockTime)
    xNumOfOverflows                          0x20002c5c   Data           4  tasks.o(.bss.xNumOfOverflows)
    [Anonymous Symbol]                       0x20002c5c   Section        0  tasks.o(.bss.xNumOfOverflows)
    xNumberOfSuccessfulAllocations           0x20002c60   Data           4  heap_4.o(.bss.xNumberOfSuccessfulAllocations)
    [Anonymous Symbol]                       0x20002c60   Section        0  heap_4.o(.bss.xNumberOfSuccessfulAllocations)
    xNumberOfSuccessfulFrees                 0x20002c64   Data           4  heap_4.o(.bss.xNumberOfSuccessfulFrees)
    [Anonymous Symbol]                       0x20002c64   Section        0  heap_4.o(.bss.xNumberOfSuccessfulFrees)
    xPendedTicks                             0x20002c68   Data           4  tasks.o(.bss.xPendedTicks)
    [Anonymous Symbol]                       0x20002c68   Section        0  tasks.o(.bss.xPendedTicks)
    xPendingReadyList                        0x20002c6c   Data          20  tasks.o(.bss.xPendingReadyList)
    [Anonymous Symbol]                       0x20002c6c   Section        0  tasks.o(.bss.xPendingReadyList)
    xSchedulerRunning                        0x20002c80   Data           4  tasks.o(.bss.xSchedulerRunning)
    [Anonymous Symbol]                       0x20002c80   Section        0  tasks.o(.bss.xSchedulerRunning)
    xStart                                   0x20002c84   Data           8  heap_4.o(.bss.xStart)
    [Anonymous Symbol]                       0x20002c84   Section        0  heap_4.o(.bss.xStart)
    xSuspendedTaskList                       0x20002c8c   Data          20  tasks.o(.bss.xSuspendedTaskList)
    [Anonymous Symbol]                       0x20002c8c   Section        0  tasks.o(.bss.xSuspendedTaskList)
    xTasksWaitingTermination                 0x20002ca0   Data          20  tasks.o(.bss.xTasksWaitingTermination)
    [Anonymous Symbol]                       0x20002ca0   Section        0  tasks.o(.bss.xTasksWaitingTermination)
    xTickCount                               0x20002cb4   Data           4  tasks.o(.bss.xTickCount)
    [Anonymous Symbol]                       0x20002cb4   Section        0  tasks.o(.bss.xTickCount)
    xTimerQueue                              0x20002cb8   Data           4  timers.o(.bss.xTimerQueue)
    [Anonymous Symbol]                       0x20002cb8   Section        0  timers.o(.bss.xTimerQueue)
    xTimerTaskHandle                         0x20002cbc   Data           4  rtos4.o(.bss.xTimerTaskHandle)
    [Anonymous Symbol]                       0x20002cbc   Section        0  rtos4.o(.bss.xTimerTaskHandle)
    xTimerTaskHandle                         0x20002cc0   Data           4  timers.o(.bss.xTimerTaskHandle)
    [Anonymous Symbol]                       0x20002cc0   Section        0  timers.o(.bss.xTimerTaskHandle)
    xUART_Mutex                              0x20002cc4   Data           4  rtos4.o(.bss.xUART_Mutex)
    [Anonymous Symbol]                       0x20002cc4   Section        0  rtos4.o(.bss.xUART_Mutex)
    xYieldPendings                           0x20002cc8   Data           4  tasks.o(.bss.xYieldPendings)
    [Anonymous Symbol]                       0x20002cc8   Section        0  tasks.o(.bss.xYieldPendings)
    Heap_Mem                                 0x20002cd0   Data         512  startup_stm32f10x_md.o(HEAP)
    HEAP                                     0x20002cd0   Section      512  startup_stm32f10x_md.o(HEAP)
    Stack_Mem                                0x20002ed0   Data        1024  startup_stm32f10x_md.o(STACK)
    STACK                                    0x20002ed0   Section     1024  startup_stm32f10x_md.o(STACK)
    __initial_sp                             0x200032d0   Data           0  startup_stm32f10x_md.o(STACK)

    Global Symbols

    Symbol Name                              Value     Ov Type        Size  Object(Section)

    BuildAttributes$$THM_ISAv4$P$D$K$B$S$PE$A:L22UL41UL21$X:L11$S22US41US21$IEEE1$IW$~IW$USESV6$~STKCKD$USESV7$~SHL$OTIME$ROPI$IEEEJ$EBA8$UX$STANDARDLIB$REQ8$PRES8$EABIv2 0x00000000   Number         0  anon$$obj.o ABSOLUTE
    __fp_init_empty                          0x00000000   Number         0  fpinit_empty.o ABSOLUTE
    _printf_flags                            0x00000000   Number         0  printf_stubs.o ABSOLUTE
    _printf_return_value                     0x00000000   Number         0  printf_stubs.o ABSOLUTE
    _printf_sizespec                         0x00000000   Number         0  printf_stubs.o ABSOLUTE
    _printf_widthprec                        0x00000000   Number         0  printf_stubs.o ABSOLUTE
    __ARM_exceptions_init                     - Undefined Weak Reference
    __alloca_initialize                       - Undefined Weak Reference
    __arm_preinit_                            - Undefined Weak Reference
    __arm_relocate_pie_                       - Undefined Weak Reference
    __cpp_initialize__aeabi_                  - Undefined Weak Reference
    __cxa_finalize                            - Undefined Weak Reference
    __sigvec_lookup                           - Undefined Weak Reference
    _atexit_init                              - Undefined Weak Reference
    _call_atexit_fns                          - Undefined Weak Reference
    _clock_init                               - Undefined Weak Reference
    _fp_trap_init                             - Undefined Weak Reference
    _fp_trap_shutdown                         - Undefined Weak Reference
    _get_lc_collate                           - Undefined Weak Reference
    _get_lc_monetary                          - Undefined Weak Reference
    _get_lc_time                              - Undefined Weak Reference
    _getenv_init                              - Undefined Weak Reference
    _handle_redirection                       - Undefined Weak Reference
    _init_alloc                               - Undefined Weak Reference
    _init_user_alloc                          - Undefined Weak Reference
    _initio                                   - Undefined Weak Reference
    _printf_mbtowc                            - Undefined Weak Reference
    _printf_wc                                - Undefined Weak Reference
    _rand_init                                - Undefined Weak Reference
    _signal_finish                            - Undefined Weak Reference
    _signal_init                              - Undefined Weak Reference
    _terminate_alloc                          - Undefined Weak Reference
    _terminate_user_alloc                     - Undefined Weak Reference
    _terminateio                              - Undefined Weak Reference
    __Vectors_Size                           0x000000ec   Number         0  startup_stm32f10x_md.o ABSOLUTE
    __Vectors                                0x08000000   Data           4  startup_stm32f10x_md.o(RESET)
    __Vectors_End                            0x080000ec   Data           0  startup_stm32f10x_md.o(RESET)
    __main                                   0x080000ed   Thumb Code     8  __main.o(!!!main)
    __scatterload                            0x080000f5   Thumb Code     0  __scatter.o(!!!scatter)
    __scatterload_rt2                        0x080000f5   Thumb Code    84  __scatter.o(!!!scatter)
    __scatterload_rt2_thumb_only             0x080000f5   Thumb Code     0  __scatter.o(!!!scatter)
    __scatterload_loop                       0x080000ff   Thumb Code     0  __scatter.o(!!!scatter)
    __scatterload_copy                       0x08000151   Thumb Code    26  __scatter_copy.o(!!handler_copy)
    __scatterload_null                       0x0800016d   Thumb Code     2  __scatter.o(!!handler_null)
    __scatterload_zeroinit                   0x08000171   Thumb Code    28  __scatter_zi.o(!!handler_zi)
    _printf_n                                0x0800018d   Thumb Code     0  _printf_n.o(.ARM.Collect$$_printf_percent$$00000001)
    _printf_percent                          0x0800018d   Thumb Code     0  _printf_percent.o(.ARM.Collect$$_printf_percent$$00000000)
    _printf_p                                0x08000193   Thumb Code     0  _printf_p.o(.ARM.Collect$$_printf_percent$$00000002)
    _printf_f                                0x08000199   Thumb Code     0  _printf_f.o(.ARM.Collect$$_printf_percent$$00000003)
    _printf_e                                0x0800019f   Thumb Code     0  _printf_e.o(.ARM.Collect$$_printf_percent$$00000004)
    _printf_g                                0x080001a5   Thumb Code     0  _printf_g.o(.ARM.Collect$$_printf_percent$$00000005)
    _printf_a                                0x080001ab   Thumb Code     0  _printf_a.o(.ARM.Collect$$_printf_percent$$00000006)
    _printf_ll                               0x080001b1   Thumb Code     0  _printf_ll.o(.ARM.Collect$$_printf_percent$$00000007)
    _printf_i                                0x080001bb   Thumb Code     0  _printf_i.o(.ARM.Collect$$_printf_percent$$00000008)
    _printf_d                                0x080001c1   Thumb Code     0  _printf_d.o(.ARM.Collect$$_printf_percent$$00000009)
    _printf_u                                0x080001c7   Thumb Code     0  _printf_u.o(.ARM.Collect$$_printf_percent$$0000000A)
    _printf_o                                0x080001cd   Thumb Code     0  _printf_o.o(.ARM.Collect$$_printf_percent$$0000000B)
    _printf_x                                0x080001d3   Thumb Code     0  _printf_x.o(.ARM.Collect$$_printf_percent$$0000000C)
    _printf_lli                              0x080001d9   Thumb Code     0  _printf_lli.o(.ARM.Collect$$_printf_percent$$0000000D)
    _printf_lld                              0x080001df   Thumb Code     0  _printf_lld.o(.ARM.Collect$$_printf_percent$$0000000E)
    _printf_llu                              0x080001e5   Thumb Code     0  _printf_llu.o(.ARM.Collect$$_printf_percent$$0000000F)
    _printf_llo                              0x080001eb   Thumb Code     0  _printf_llo.o(.ARM.Collect$$_printf_percent$$00000010)
    _printf_llx                              0x080001f1   Thumb Code     0  _printf_llx.o(.ARM.Collect$$_printf_percent$$00000011)
    _printf_l                                0x080001f7   Thumb Code     0  _printf_l.o(.ARM.Collect$$_printf_percent$$00000012)
    _printf_c                                0x08000201   Thumb Code     0  _printf_c.o(.ARM.Collect$$_printf_percent$$00000013)
    _printf_s                                0x08000207   Thumb Code     0  _printf_s.o(.ARM.Collect$$_printf_percent$$00000014)
    _printf_lc                               0x0800020d   Thumb Code     0  _printf_lc.o(.ARM.Collect$$_printf_percent$$00000015)
    _printf_ls                               0x08000213   Thumb Code     0  _printf_ls.o(.ARM.Collect$$_printf_percent$$00000016)
    _printf_percent_end                      0x08000219   Thumb Code     0  _printf_percent_end.o(.ARM.Collect$$_printf_percent$$00000017)
    __rt_lib_init                            0x0800021d   Thumb Code     0  libinit.o(.ARM.Collect$$libinit$$00000000)
    __rt_lib_init_fp_1                       0x0800021f   Thumb Code     0  libinit2.o(.ARM.Collect$$libinit$$00000002)
    __rt_lib_init_heap_1                     0x0800021f   Thumb Code     0  libinit2.o(.ARM.Collect$$libinit$$0000000C)
    __rt_lib_init_lc_common                  0x0800021f   Thumb Code     0  libinit2.o(.ARM.Collect$$libinit$$00000011)
    __rt_lib_init_preinit_1                  0x0800021f   Thumb Code     0  libinit2.o(.ARM.Collect$$libinit$$00000006)
    __rt_lib_init_rand_1                     0x0800021f   Thumb Code     0  libinit2.o(.ARM.Collect$$libinit$$00000010)
    __rt_lib_init_relocate_pie_1             0x0800021f   Thumb Code     0  libinit2.o(.ARM.Collect$$libinit$$00000004)
    __rt_lib_init_user_alloc_1               0x0800021f   Thumb Code     0  libinit2.o(.ARM.Collect$$libinit$$0000000E)
    __rt_lib_init_lc_collate_1               0x08000225   Thumb Code     0  libinit2.o(.ARM.Collect$$libinit$$00000013)
    __rt_lib_init_lc_ctype_2                 0x08000225   Thumb Code     0  libinit2.o(.ARM.Collect$$libinit$$00000014)
    __rt_lib_init_lc_ctype_1                 0x08000231   Thumb Code     0  libinit2.o(.ARM.Collect$$libinit$$00000015)
    __rt_lib_init_lc_monetary_1              0x08000231   Thumb Code     0  libinit2.o(.ARM.Collect$$libinit$$00000017)
    __rt_lib_init_lc_numeric_2               0x08000231   Thumb Code     0  libinit2.o(.ARM.Collect$$libinit$$00000018)
    __rt_lib_init_alloca_1                   0x0800023b   Thumb Code     0  libinit2.o(.ARM.Collect$$libinit$$00000030)
    __rt_lib_init_argv_1                     0x0800023b   Thumb Code     0  libinit2.o(.ARM.Collect$$libinit$$0000002E)
    __rt_lib_init_atexit_1                   0x0800023b   Thumb Code     0  libinit2.o(.ARM.Collect$$libinit$$0000001D)
    __rt_lib_init_clock_1                    0x0800023b   Thumb Code     0  libinit2.o(.ARM.Collect$$libinit$$00000023)
    __rt_lib_init_cpp_1                      0x0800023b   Thumb Code     0  libinit2.o(.ARM.Collect$$libinit$$00000034)
    __rt_lib_init_exceptions_1               0x0800023b   Thumb Code     0  libinit2.o(.ARM.Collect$$libinit$$00000032)
    __rt_lib_init_fp_trap_1                  0x0800023b   Thumb Code     0  libinit2.o(.ARM.Collect$$libinit$$00000021)
    __rt_lib_init_getenv_1                   0x0800023b   Thumb Code     0  libinit2.o(.ARM.Collect$$libinit$$00000025)
    __rt_lib_init_lc_numeric_1               0x0800023b   Thumb Code     0  libinit2.o(.ARM.Collect$$libinit$$00000019)
    __rt_lib_init_lc_time_1                  0x0800023b   Thumb Code     0  libinit2.o(.ARM.Collect$$libinit$$0000001B)
    __rt_lib_init_return                     0x0800023b   Thumb Code     0  libinit2.o(.ARM.Collect$$libinit$$00000035)
    __rt_lib_init_signal_1                   0x0800023b   Thumb Code     0  libinit2.o(.ARM.Collect$$libinit$$0000001F)
    __rt_lib_init_stdio_1                    0x0800023b   Thumb Code     0  libinit2.o(.ARM.Collect$$libinit$$00000027)
    __rt_lib_shutdown                        0x0800023d   Thumb Code     0  libshutdown.o(.ARM.Collect$$libshutdown$$00000000)
    __rt_lib_shutdown_cpp_1                  0x0800023f   Thumb Code     0  libshutdown2.o(.ARM.Collect$$libshutdown$$00000002)
    __rt_lib_shutdown_fp_trap_1              0x0800023f   Thumb Code     0  libshutdown2.o(.ARM.Collect$$libshutdown$$00000007)
    __rt_lib_shutdown_heap_1                 0x0800023f   Thumb Code     0  libshutdown2.o(.ARM.Collect$$libshutdown$$0000000F)
    __rt_lib_shutdown_return                 0x0800023f   Thumb Code     0  libshutdown2.o(.ARM.Collect$$libshutdown$$00000010)
    __rt_lib_shutdown_signal_1               0x0800023f   Thumb Code     0  libshutdown2.o(.ARM.Collect$$libshutdown$$0000000A)
    __rt_lib_shutdown_stdio_1                0x0800023f   Thumb Code     0  libshutdown2.o(.ARM.Collect$$libshutdown$$00000004)
    __rt_lib_shutdown_user_alloc_1           0x0800023f   Thumb Code     0  libshutdown2.o(.ARM.Collect$$libshutdown$$0000000C)
    __rt_entry                               0x08000241   Thumb Code     0  __rtentry.o(.ARM.Collect$$rtentry$$00000000)
    __rt_entry_presh_1                       0x08000241   Thumb Code     0  __rtentry2.o(.ARM.Collect$$rtentry$$00000002)
    __rt_entry_sh                            0x08000241   Thumb Code     0  __rtentry4.o(.ARM.Collect$$rtentry$$00000004)
    __rt_entry_postsh_1                      0x08000247   Thumb Code     0  __rtentry2.o(.ARM.Collect$$rtentry$$00000008)
    __rt_entry_li                            0x0800024f   Thumb Code     0  __rtentry2.o(.ARM.Collect$$rtentry$$0000000A)
    __rt_entry_main                          0x08000253   Thumb Code     0  __rtentry2.o(.ARM.Collect$$rtentry$$0000000D)
    __rt_entry_postli_1                      0x08000253   Thumb Code     0  __rtentry2.o(.ARM.Collect$$rtentry$$0000000C)
    __rt_exit                                0x0800025b   Thumb Code     0  rtexit.o(.ARM.Collect$$rtexit$$00000000)
    __rt_exit_ls                             0x0800025d   Thumb Code     0  rtexit2.o(.ARM.Collect$$rtexit$$00000003)
    __rt_exit_prels_1                        0x0800025d   Thumb Code     0  rtexit2.o(.ARM.Collect$$rtexit$$00000002)
    __rt_exit_exit                           0x08000261   Thumb Code     0  rtexit2.o(.ARM.Collect$$rtexit$$00000004)
    Reset_Handler                            0x08000269   Thumb Code     8  startup_stm32f10x_md.o(.text)
    NMI_Handler                              0x08000271   Thumb Code     2  startup_stm32f10x_md.o(.text)
    HardFault_Handler                        0x08000273   Thumb Code     2  startup_stm32f10x_md.o(.text)
    MemManage_Handler                        0x08000275   Thumb Code     2  startup_stm32f10x_md.o(.text)
    BusFault_Handler                         0x08000277   Thumb Code     2  startup_stm32f10x_md.o(.text)
    UsageFault_Handler                       0x08000279   Thumb Code     2  startup_stm32f10x_md.o(.text)
    DebugMon_Handler                         0x0800027d   Thumb Code     2  startup_stm32f10x_md.o(.text)
    ADC1_2_IRQHandler                        0x08000283   Thumb Code     0  startup_stm32f10x_md.o(.text)
    CAN1_RX1_IRQHandler                      0x08000283   Thumb Code     0  startup_stm32f10x_md.o(.text)
    CAN1_SCE_IRQHandler                      0x08000283   Thumb Code     0  startup_stm32f10x_md.o(.text)
    DMA1_Channel1_IRQHandler                 0x08000283   Thumb Code     0  startup_stm32f10x_md.o(.text)
    DMA1_Channel2_IRQHandler                 0x08000283   Thumb Code     0  startup_stm32f10x_md.o(.text)
    DMA1_Channel3_IRQHandler                 0x08000283   Thumb Code     0  startup_stm32f10x_md.o(.text)
    DMA1_Channel4_IRQHandler                 0x08000283   Thumb Code     0  startup_stm32f10x_md.o(.text)
    DMA1_Channel5_IRQHandler                 0x08000283   Thumb Code     0  startup_stm32f10x_md.o(.text)
    DMA1_Channel6_IRQHandler                 0x08000283   Thumb Code     0  startup_stm32f10x_md.o(.text)
    DMA1_Channel7_IRQHandler                 0x08000283   Thumb Code     0  startup_stm32f10x_md.o(.text)
    EXTI0_IRQHandler                         0x08000283   Thumb Code     0  startup_stm32f10x_md.o(.text)
    EXTI15_10_IRQHandler                     0x08000283   Thumb Code     0  startup_stm32f10x_md.o(.text)
    EXTI1_IRQHandler                         0x08000283   Thumb Code     0  startup_stm32f10x_md.o(.text)
    EXTI2_IRQHandler                         0x08000283   Thumb Code     0  startup_stm32f10x_md.o(.text)
    EXTI3_IRQHandler                         0x08000283   Thumb Code     0  startup_stm32f10x_md.o(.text)
    EXTI4_IRQHandler                         0x08000283   Thumb Code     0  startup_stm32f10x_md.o(.text)
    EXTI9_5_IRQHandler                       0x08000283   Thumb Code     0  startup_stm32f10x_md.o(.text)
    FLASH_IRQHandler                         0x08000283   Thumb Code     0  startup_stm32f10x_md.o(.text)
    I2C1_ER_IRQHandler                       0x08000283   Thumb Code     0  startup_stm32f10x_md.o(.text)
    I2C1_EV_IRQHandler                       0x08000283   Thumb Code     0  startup_stm32f10x_md.o(.text)
    I2C2_ER_IRQHandler                       0x08000283   Thumb Code     0  startup_stm32f10x_md.o(.text)
    I2C2_EV_IRQHandler                       0x08000283   Thumb Code     0  startup_stm32f10x_md.o(.text)
    PVD_IRQHandler                           0x08000283   Thumb Code     0  startup_stm32f10x_md.o(.text)
    RCC_IRQHandler                           0x08000283   Thumb Code     0  startup_stm32f10x_md.o(.text)
    RTCAlarm_IRQHandler                      0x08000283   Thumb Code     0  startup_stm32f10x_md.o(.text)
    RTC_IRQHandler                           0x08000283   Thumb Code     0  startup_stm32f10x_md.o(.text)
    SPI1_IRQHandler                          0x08000283   Thumb Code     0  startup_stm32f10x_md.o(.text)
    SPI2_IRQHandler                          0x08000283   Thumb Code     0  startup_stm32f10x_md.o(.text)
    TAMPER_IRQHandler                        0x08000283   Thumb Code     0  startup_stm32f10x_md.o(.text)
    TIM1_BRK_IRQHandler                      0x08000283   Thumb Code     0  startup_stm32f10x_md.o(.text)
    TIM1_CC_IRQHandler                       0x08000283   Thumb Code     0  startup_stm32f10x_md.o(.text)
    TIM1_TRG_COM_IRQHandler                  0x08000283   Thumb Code     0  startup_stm32f10x_md.o(.text)
    TIM1_UP_IRQHandler                       0x08000283   Thumb Code     0  startup_stm32f10x_md.o(.text)
    TIM3_IRQHandler                          0x08000283   Thumb Code     0  startup_stm32f10x_md.o(.text)
    TIM4_IRQHandler                          0x08000283   Thumb Code     0  startup_stm32f10x_md.o(.text)
    USART1_IRQHandler                        0x08000283   Thumb Code     0  startup_stm32f10x_md.o(.text)
    USART2_IRQHandler                        0x08000283   Thumb Code     0  startup_stm32f10x_md.o(.text)
    USART3_IRQHandler                        0x08000283   Thumb Code     0  startup_stm32f10x_md.o(.text)
    USBWakeUp_IRQHandler                     0x08000283   Thumb Code     0  startup_stm32f10x_md.o(.text)
    USB_HP_CAN1_TX_IRQHandler                0x08000283   Thumb Code     0  startup_stm32f10x_md.o(.text)
    USB_LP_CAN1_RX0_IRQHandler               0x08000283   Thumb Code     0  startup_stm32f10x_md.o(.text)
    WWDG_IRQHandler                          0x08000283   Thumb Code     0  startup_stm32f10x_md.o(.text)
    __user_initial_stackheap                 0x08000285   Thumb Code     0  startup_stm32f10x_md.o(.text)
    snprintf                                 0x080002a9   Thumb Code    58  snprintf.o(.text)
    __aeabi_memcpy                           0x080002e9   Thumb Code     0  rt_memcpy_v6.o(.text)
    __rt_memcpy                              0x080002e9   Thumb Code   138  rt_memcpy_v6.o(.text)
    _memcpy_lastbytes                        0x0800034f   Thumb Code     0  rt_memcpy_v6.o(.text)
    __aeabi_memset4                          0x08000373   Thumb Code    16  aeabi_memset4.o(.text)
    __aeabi_memset8                          0x08000373   Thumb Code     0  aeabi_memset4.o(.text)
    __aeabi_memclr                           0x08000383   Thumb Code     0  rt_memclr.o(.text)
    __rt_memclr                              0x08000383   Thumb Code     0  rt_memclr.o(.text)
    _memset                                  0x08000387   Thumb Code    64  rt_memclr.o(.text)
    __use_two_region_memory                  0x080003c7   Thumb Code     2  heapauxi.o(.text)
    __rt_heap_escrow$2region                 0x080003c9   Thumb Code     2  heapauxi.o(.text)
    __rt_heap_expand$2region                 0x080003cb   Thumb Code     2  heapauxi.o(.text)
    _printf_pre_padding                      0x080003cd   Thumb Code    44  _printf_pad.o(.text)
    _printf_post_padding                     0x080003f9   Thumb Code    34  _printf_pad.o(.text)
    _printf_truncate_signed                  0x0800041b   Thumb Code    18  _printf_truncate.o(.text)
    _printf_truncate_unsigned                0x0800042d   Thumb Code    18  _printf_truncate.o(.text)
    _printf_str                              0x0800043f   Thumb Code    82  _printf_str.o(.text)
    _printf_int_dec                          0x08000491   Thumb Code   104  _printf_dec.o(.text)
    _printf_charcount                        0x08000509   Thumb Code    40  _printf_charcount.o(.text)
    _printf_char_common                      0x0800053b   Thumb Code    32  _printf_char_common.o(.text)
    _snputc                                  0x08000561   Thumb Code    16  _snputc.o(.text)
    _printf_wctomb                           0x08000571   Thumb Code   182  _printf_wctomb.o(.text)
    _printf_longlong_dec                     0x0800062d   Thumb Code   108  _printf_longlong_dec.o(.text)
    _printf_longlong_oct                     0x080006a9   Thumb Code    68  _printf_oct_int_ll.o(.text)
    _printf_int_oct                          0x080006ed   Thumb Code    24  _printf_oct_int_ll.o(.text)
    _printf_ll_oct                           0x08000705   Thumb Code    12  _printf_oct_int_ll.o(.text)
    _printf_longlong_hex                     0x08000719   Thumb Code    86  _printf_hex_int_ll_ptr.o(.text)
    _printf_int_hex                          0x0800076f   Thumb Code    28  _printf_hex_int_ll_ptr.o(.text)
    _printf_ll_hex                           0x0800078b   Thumb Code    12  _printf_hex_int_ll_ptr.o(.text)
    _printf_hex_ptr                          0x08000797   Thumb Code    18  _printf_hex_int_ll_ptr.o(.text)
    __printf                                 0x080007ad   Thumb Code   388  __printf_flags_ss_wp.o(.text)
    __aeabi_memcpy4                          0x08000935   Thumb Code     0  rt_memcpy_w.o(.text)
    __aeabi_memcpy8                          0x08000935   Thumb Code     0  rt_memcpy_w.o(.text)
    __rt_memcpy_w                            0x08000935   Thumb Code   100  rt_memcpy_w.o(.text)
    _memcpy_lastbytes_aligned                0x0800097d   Thumb Code     0  rt_memcpy_w.o(.text)
    __aeabi_memclr4                          0x08000999   Thumb Code     0  rt_memclr_w.o(.text)
    __aeabi_memclr8                          0x08000999   Thumb Code     0  rt_memclr_w.o(.text)
    __rt_memclr_w                            0x08000999   Thumb Code     0  rt_memclr_w.o(.text)
    _memset_w                                0x0800099d   Thumb Code    74  rt_memclr_w.o(.text)
    _ll_udiv10                               0x080009e7   Thumb Code   138  lludiv10.o(.text)
    _printf_int_common                       0x08000a71   Thumb Code   178  _printf_intcommon.o(.text)
    _printf_fp_dec_real                      0x08000cd3   Thumb Code   620  _printf_fp_dec.o(.text)
    _printf_fp_hex_real                      0x08000f41   Thumb Code   756  _printf_fp_hex.o(.text)
    _printf_cs_common                        0x0800123d   Thumb Code    20  _printf_char.o(.text)
    _printf_char                             0x08001251   Thumb Code    16  _printf_char.o(.text)
    _printf_string                           0x08001261   Thumb Code     8  _printf_char.o(.text)
    _printf_lcs_common                       0x08001269   Thumb Code    20  _printf_wchar.o(.text)
    _printf_wchar                            0x0800127d   Thumb Code    16  _printf_wchar.o(.text)
    _printf_wstring                          0x0800128d   Thumb Code     8  _printf_wchar.o(.text)
    _c16rtomb                                0x08001295   Thumb Code    72  _c16rtomb.o(.text)
    _wcrtomb                                 0x08001295   Thumb Code     0  _c16rtomb.o(.text)
    __user_setup_stackheap                   0x080012dd   Thumb Code    74  sys_stackheap_outer.o(.text)
    __rt_ctype_table                         0x08001329   Thumb Code    16  rt_ctype_table.o(.text)
    __rt_locale                              0x08001339   Thumb Code    10  rt_locale_twolibspace.o(.text)
    _printf_fp_infnan                        0x08001345   Thumb Code   112  _printf_fp_infnan.o(.text)
    _btod_etento                             0x080013c5   Thumb Code   224  bigflt0.o(.text)
    exit                                     0x080014a9   Thumb Code    18  exit.o(.text)
    __user_libspace                          0x080014bd   Thumb Code     8  libspace.o(.text)
    __user_perproc_libspace                  0x080014bd   Thumb Code     0  libspace.o(.text)
    strcmp                                   0x080014c5   Thumb Code   128  strcmpv7m.o(.text)
    _sys_exit                                0x08001545   Thumb Code     8  sys_exit.o(.text)
    __I$use$semihosting                      0x08001551   Thumb Code     0  use_no_semi.o(.text)
    __use_no_semihosting_swi                 0x08001551   Thumb Code     2  use_no_semi.o(.text)
    __semihosting_library_function           0x08001553   Thumb Code     0  indicate_semi.o(.text)
    PendSV_Handler                           0x08001655   Thumb Code    68  port.o(.text.PendSV_Handler)
    SVC_Handler                              0x08001699   Thumb Code    36  port.o(.text.SVC_Handler)
    SysTick_Handler                          0x080017e9   Thumb Code    30  cmsis_os2.o(.text.SysTick_Handler)
    SystemInit                               0x080018a5   Thumb Code   102  system_stm32f10x.o(.text.SystemInit)
    TIM2_IRQHandler                          0x08001969   Thumb Code   112  rtos4.o(.text.TIM2_IRQHandler)
    _mutex_acquire                           0x08001c25   Thumb Code    40  clib_os.o(.text._mutex_acquire)
    _mutex_free                              0x08001c4d   Thumb Code    84  clib_os.o(.text._mutex_free)
    _mutex_initialize                        0x08001ca1   Thumb Code   168  clib_os.o(.text._mutex_initialize)
    _mutex_release                           0x08001d49   Thumb Code    42  clib_os.o(.text._mutex_release)
    _platform_post_stackheap_init            0x08001d75   Thumb Code     2  clib_os.o(.text._platform_post_stackheap_init)
    main                                     0x08001dc1   Thumb Code   246  rtos4.o(.text.main)
    pvPortMalloc                             0x08002f9d   Thumb Code   696  heap_4.o(.text.pvPortMalloc)
    pvTaskIncrementMutexHeldCount            0x08003255   Thumb Code    36  tasks.o(.text.pvTaskIncrementMutexHeldCount)
    pxPortInitialiseStack                    0x08003279   Thumb Code    80  port.o(.text.pxPortInitialiseStack)
    ulTaskGenericNotifyTake                  0x0800337d   Thumb Code   304  tasks.o(.text.ulTaskGenericNotifyTake)
    uxListRemove                             0x080034ad   Thumb Code    72  list.o(.text.uxListRemove)
    vApplicationGetIdleTaskMemory            0x080034f5   Thumb Code    42  tasks.o(.text.vApplicationGetIdleTaskMemory)
    vApplicationGetTimerTaskMemory           0x08003521   Thumb Code    42  tasks.o(.text.vApplicationGetTimerTaskMemory)
    vApplicationStackOverflowHook            0x0800354d   Thumb Code    16  cmsis_os2.o(.text.vApplicationStackOverflowHook)
    vListInitialise                          0x0800355d   Thumb Code    46  list.o(.text.vListInitialise)
    vListInitialiseItem                      0x0800358d   Thumb Code    14  list.o(.text.vListInitialiseItem)
    vListInsert                              0x0800359d   Thumb Code   106  list.o(.text.vListInsert)
    vPortEnterCritical                       0x08003609   Thumb Code    72  port.o(.text.vPortEnterCritical)
    vPortExitCritical                        0x08003651   Thumb Code    60  port.o(.text.vPortExitCritical)
    vPortFree                                0x0800368d   Thumb Code   222  heap_4.o(.text.vPortFree)
    vPortSetupTimerInterrupt                 0x0800376d   Thumb Code    68  port.o(.text.vPortSetupTimerInterrupt)
    vPortValidateInterruptPriority           0x080037b1   Thumb Code   104  port.o(.text.vPortValidateInterruptPriority)
    vQueueDelete                             0x08003819   Thumb Code    48  queue.o(.text.vQueueDelete)
    vQueueWaitForMessageRestricted           0x08003849   Thumb Code   100  queue.o(.text.vQueueWaitForMessageRestricted)
    vTaskDelay                               0x080038ad   Thumb Code    98  tasks.o(.text.vTaskDelay)
    vTaskGenericNotifyGiveFromISR            0x08003911   Thumb Code   488  tasks.o(.text.vTaskGenericNotifyGiveFromISR)
    vTaskInternalSetTimeOutState             0x08003af9   Thumb Code    36  tasks.o(.text.vTaskInternalSetTimeOutState)
    vTaskMissedYield                         0x08003b1d   Thumb Code    14  tasks.o(.text.vTaskMissedYield)
    vTaskPlaceOnEventList                    0x08003b2d   Thumb Code    52  tasks.o(.text.vTaskPlaceOnEventList)
    vTaskPlaceOnEventListRestricted          0x08003b61   Thumb Code   114  tasks.o(.text.vTaskPlaceOnEventListRestricted)
    vTaskPriorityDisinheritAfterTimeout      0x08003bd5   Thumb Code   358  tasks.o(.text.vTaskPriorityDisinheritAfterTimeout)
    vTaskStartScheduler                      0x08003d3d   Thumb Code   130  tasks.o(.text.vTaskStartScheduler)
    vTaskSuspendAll                          0x08003dc1   Thumb Code    16  tasks.o(.text.vTaskSuspendAll)
    vTaskSwitchContext                       0x08003dd1   Thumb Code   312  tasks.o(.text.vTaskSwitchContext)
    xPortStartScheduler                      0x08003f09   Thumb Code   344  port.o(.text.xPortStartScheduler)
    xPortSysTickHandler                      0x08004061   Thumb Code    62  port.o(.text.xPortSysTickHandler)
    xQueueCreateMutex                        0x080040a1   Thumb Code    38  queue.o(.text.xQueueCreateMutex)
    xQueueCreateMutexStatic                  0x080040c9   Thumb Code    50  queue.o(.text.xQueueCreateMutexStatic)
    xQueueGenericCreate                      0x080040fd   Thumb Code   148  queue.o(.text.xQueueGenericCreate)
    xQueueGenericCreateStatic                0x08004191   Thumb Code   158  queue.o(.text.xQueueGenericCreateStatic)
    xQueueGenericReset                       0x08004231   Thumb Code   236  queue.o(.text.xQueueGenericReset)
    xQueueGenericSend                        0x0800431d   Thumb Code   500  queue.o(.text.xQueueGenericSend)
    xQueueReceive                            0x08004511   Thumb Code   434  queue.o(.text.xQueueReceive)
    xQueueSemaphoreTake                      0x080046c5   Thumb Code   486  queue.o(.text.xQueueSemaphoreTake)
    xTaskCheckForTimeOut                     0x080048ad   Thumb Code   224  tasks.o(.text.xTaskCheckForTimeOut)
    xTaskCreate                              0x0800498d   Thumb Code    82  tasks.o(.text.xTaskCreate)
    xTaskCreateStatic                        0x080049e1   Thumb Code    92  tasks.o(.text.xTaskCreateStatic)
    xTaskGetSchedulerState                   0x08004a3d   Thumb Code    56  tasks.o(.text.xTaskGetSchedulerState)
    xTaskGetTickCount                        0x08004a75   Thumb Code    20  tasks.o(.text.xTaskGetTickCount)
    xTaskIncrementTick                       0x08004a89   Thumb Code   630  tasks.o(.text.xTaskIncrementTick)
    xTaskPriorityDisinherit                  0x08004d01   Thumb Code   286  tasks.o(.text.xTaskPriorityDisinherit)
    xTaskPriorityInherit                     0x08004e21   Thumb Code   348  tasks.o(.text.xTaskPriorityInherit)
    xTaskRemoveFromEventList                 0x08004f7d   Thumb Code   418  tasks.o(.text.xTaskRemoveFromEventList)
    xTaskResumeAll                           0x08005121   Thumb Code   584  tasks.o(.text.xTaskResumeAll)
    xTimerCreateTimerTask                    0x08005369   Thumb Code   134  timers.o(.text.xTimerCreateTimerTask)
    _btod_d2e                                0x080053ef   Thumb Code    62  btod.o(CL$$btod_d2e)
    _d2e_denorm_low                          0x0800542d   Thumb Code    70  btod.o(CL$$btod_d2e_denorm_low)
    _d2e_norm_op1                            0x08005473   Thumb Code    96  btod.o(CL$$btod_d2e_norm_op1)
    __btod_div_common                        0x080054d5   Thumb Code   696  btod.o(CL$$btod_div_common)
    _e2e                                     0x0800580d   Thumb Code   220  btod.o(CL$$btod_e2e)
    _btod_ediv                               0x080058e9   Thumb Code    42  btod.o(CL$$btod_ediv)
    _btod_emul                               0x08005913   Thumb Code    42  btod.o(CL$$btod_emul)
    __btod_mult_common                       0x0800593d   Thumb Code   580  btod.o(CL$$btod_mult_common)
    __ARM_fpclassify                         0x08005b81   Thumb Code    40  fpclassify.o(i.__ARM_fpclassify)
    _is_digit                                0x08005ba9   Thumb Code    14  __printf_wp.o(i._is_digit)
    _get_lc_numeric                          0x08005bb9   Thumb Code    44  lc_numeric_c.o(locale$$code)
    _get_lc_ctype                            0x08005be5   Thumb Code    44  lc_ctype_c.o(locale$$code)
    _printf_fp_dec                           0x08005c11   Thumb Code     4  printf1.o(x$fpl$printf1)
    _printf_fp_hex                           0x08005c15   Thumb Code     4  printf2.o(x$fpl$printf2)
    __I$use$fp                               0x08005c18   Number         0  usenofp.o(x$fpl$usenofp)
    Region$$Table$$Base                      0x08005df4   Number         0  anon$$obj.o(Region$$Table)
    Region$$Table$$Limit                     0x08005e14   Number         0  anon$$obj.o(Region$$Table)
    __ctype                                  0x08005e3d   Data           0  lc_ctype_c.o(locale$$data)
    SystemCoreClock                          0x20000000   Data           4  system_stm32f10x.o(.data.SystemCoreClock)
    __libspace_start                         0x20000008   Data          96  libspace.o(.bss)
    __temporary_stack_top$libspace           0x20000068   Data           0  libspace.o(.bss)
    pxCurrentTCB                             0x200002b0   Data           4  tasks.o(.bss.pxCurrentTCB)



==============================================================================

Memory Map of the image

  Image Entry point : 0x08000269

  Load Region LR_1 (Base: 0x08000000, Size: 0x00005f48, Max: 0xffffffff, ABSOLUTE)

    Execution Region ER_RO (Exec base: 0x08000000, Load base: 0x08000000, Size: 0x00005f40, Max: 0xffffffff, ABSOLUTE)

    Exec Addr    Load Addr    Size         Type   Attr      Idx    E Section Name        Object

    0x08000000   0x08000000   0x000000ec   Data   RO          266    RESET               startup_stm32f10x_md.o
    0x080000ec   0x080000ec   0x00000008   Code   RO          777  * !!!main             c_w.l(__main.o)
    0x080000f4   0x080000f4   0x0000005c   Code   RO         1118    !!!scatter          c_w.l(__scatter.o)
    0x08000150   0x08000150   0x0000001a   Code   RO         1122    !!handler_copy      c_w.l(__scatter_copy.o)
    0x0800016a   0x0800016a   0x00000002   PAD
    0x0800016c   0x0800016c   0x00000002   Code   RO         1119    !!handler_null      c_w.l(__scatter.o)
    0x0800016e   0x0800016e   0x00000002   PAD
    0x08000170   0x08000170   0x0000001c   Code   RO         1124    !!handler_zi        c_w.l(__scatter_zi.o)
    0x0800018c   0x0800018c   0x00000000   Code   RO          861    .ARM.Collect$$_printf_percent$$00000000  c_w.l(_printf_percent.o)
    0x0800018c   0x0800018c   0x00000006   Code   RO          850    .ARM.Collect$$_printf_percent$$00000001  c_w.l(_printf_n.o)
    0x08000192   0x08000192   0x00000006   Code   RO          852    .ARM.Collect$$_printf_percent$$00000002  c_w.l(_printf_p.o)
    0x08000198   0x08000198   0x00000006   Code   RO          857    .ARM.Collect$$_printf_percent$$00000003  c_w.l(_printf_f.o)
    0x0800019e   0x0800019e   0x00000006   Code   RO          858    .ARM.Collect$$_printf_percent$$00000004  c_w.l(_printf_e.o)
    0x080001a4   0x080001a4   0x00000006   Code   RO          859    .ARM.Collect$$_printf_percent$$00000005  c_w.l(_printf_g.o)
    0x080001aa   0x080001aa   0x00000006   Code   RO          860    .ARM.Collect$$_printf_percent$$00000006  c_w.l(_printf_a.o)
    0x080001b0   0x080001b0   0x0000000a   Code   RO          865    .ARM.Collect$$_printf_percent$$00000007  c_w.l(_printf_ll.o)
    0x080001ba   0x080001ba   0x00000006   Code   RO          854    .ARM.Collect$$_printf_percent$$00000008  c_w.l(_printf_i.o)
    0x080001c0   0x080001c0   0x00000006   Code   RO          855    .ARM.Collect$$_printf_percent$$00000009  c_w.l(_printf_d.o)
    0x080001c6   0x080001c6   0x00000006   Code   RO          856    .ARM.Collect$$_printf_percent$$0000000A  c_w.l(_printf_u.o)
    0x080001cc   0x080001cc   0x00000006   Code   RO          853    .ARM.Collect$$_printf_percent$$0000000B  c_w.l(_printf_o.o)
    0x080001d2   0x080001d2   0x00000006   Code   RO          851    .ARM.Collect$$_printf_percent$$0000000C  c_w.l(_printf_x.o)
    0x080001d8   0x080001d8   0x00000006   Code   RO          862    .ARM.Collect$$_printf_percent$$0000000D  c_w.l(_printf_lli.o)
    0x080001de   0x080001de   0x00000006   Code   RO          863    .ARM.Collect$$_printf_percent$$0000000E  c_w.l(_printf_lld.o)
    0x080001e4   0x080001e4   0x00000006   Code   RO          864    .ARM.Collect$$_printf_percent$$0000000F  c_w.l(_printf_llu.o)
    0x080001ea   0x080001ea   0x00000006   Code   RO          869    .ARM.Collect$$_printf_percent$$00000010  c_w.l(_printf_llo.o)
    0x080001f0   0x080001f0   0x00000006   Code   RO          870    .ARM.Collect$$_printf_percent$$00000011  c_w.l(_printf_llx.o)
    0x080001f6   0x080001f6   0x0000000a   Code   RO          866    .ARM.Collect$$_printf_percent$$00000012  c_w.l(_printf_l.o)
    0x08000200   0x08000200   0x00000006   Code   RO          848    .ARM.Collect$$_printf_percent$$00000013  c_w.l(_printf_c.o)
    0x08000206   0x08000206   0x00000006   Code   RO          849    .ARM.Collect$$_printf_percent$$00000014  c_w.l(_printf_s.o)
    0x0800020c   0x0800020c   0x00000006   Code   RO          867    .ARM.Collect$$_printf_percent$$00000015  c_w.l(_printf_lc.o)
    0x08000212   0x08000212   0x00000006   Code   RO          868    .ARM.Collect$$_printf_percent$$00000016  c_w.l(_printf_ls.o)
    0x08000218   0x08000218   0x00000004   Code   RO          915    .ARM.Collect$$_printf_percent$$00000017  c_w.l(_printf_percent_end.o)
    0x0800021c   0x0800021c   0x00000002   Code   RO          966    .ARM.Collect$$libinit$$00000000  c_w.l(libinit.o)
    0x0800021e   0x0800021e   0x00000000   Code   RO          985    .ARM.Collect$$libinit$$00000002  c_w.l(libinit2.o)
    0x0800021e   0x0800021e   0x00000000   Code   RO          987    .ARM.Collect$$libinit$$00000004  c_w.l(libinit2.o)
    0x0800021e   0x0800021e   0x00000000   Code   RO          989    .ARM.Collect$$libinit$$00000006  c_w.l(libinit2.o)
    0x0800021e   0x0800021e   0x00000000   Code   RO          992    .ARM.Collect$$libinit$$0000000C  c_w.l(libinit2.o)
    0x0800021e   0x0800021e   0x00000000   Code   RO          994    .ARM.Collect$$libinit$$0000000E  c_w.l(libinit2.o)
    0x0800021e   0x0800021e   0x00000000   Code   RO          996    .ARM.Collect$$libinit$$00000010  c_w.l(libinit2.o)
    0x0800021e   0x0800021e   0x00000006   Code   RO          997    .ARM.Collect$$libinit$$00000011  c_w.l(libinit2.o)
    0x08000224   0x08000224   0x00000000   Code   RO          999    .ARM.Collect$$libinit$$00000013  c_w.l(libinit2.o)
    0x08000224   0x08000224   0x0000000c   Code   RO         1000    .ARM.Collect$$libinit$$00000014  c_w.l(libinit2.o)
    0x08000230   0x08000230   0x00000000   Code   RO         1001    .ARM.Collect$$libinit$$00000015  c_w.l(libinit2.o)
    0x08000230   0x08000230   0x00000000   Code   RO         1003    .ARM.Collect$$libinit$$00000017  c_w.l(libinit2.o)
    0x08000230   0x08000230   0x0000000a   Code   RO         1004    .ARM.Collect$$libinit$$00000018  c_w.l(libinit2.o)
    0x0800023a   0x0800023a   0x00000000   Code   RO         1005    .ARM.Collect$$libinit$$00000019  c_w.l(libinit2.o)
    0x0800023a   0x0800023a   0x00000000   Code   RO         1007    .ARM.Collect$$libinit$$0000001B  c_w.l(libinit2.o)
    0x0800023a   0x0800023a   0x00000000   Code   RO         1009    .ARM.Collect$$libinit$$0000001D  c_w.l(libinit2.o)
    0x0800023a   0x0800023a   0x00000000   Code   RO         1011    .ARM.Collect$$libinit$$0000001F  c_w.l(libinit2.o)
    0x0800023a   0x0800023a   0x00000000   Code   RO         1013    .ARM.Collect$$libinit$$00000021  c_w.l(libinit2.o)
    0x0800023a   0x0800023a   0x00000000   Code   RO         1015    .ARM.Collect$$libinit$$00000023  c_w.l(libinit2.o)
    0x0800023a   0x0800023a   0x00000000   Code   RO         1017    .ARM.Collect$$libinit$$00000025  c_w.l(libinit2.o)
    0x0800023a   0x0800023a   0x00000000   Code   RO         1019    .ARM.Collect$$libinit$$00000027  c_w.l(libinit2.o)
    0x0800023a   0x0800023a   0x00000000   Code   RO         1023    .ARM.Collect$$libinit$$0000002E  c_w.l(libinit2.o)
    0x0800023a   0x0800023a   0x00000000   Code   RO         1025    .ARM.Collect$$libinit$$00000030  c_w.l(libinit2.o)
    0x0800023a   0x0800023a   0x00000000   Code   RO         1027    .ARM.Collect$$libinit$$00000032  c_w.l(libinit2.o)
    0x0800023a   0x0800023a   0x00000000   Code   RO         1029    .ARM.Collect$$libinit$$00000034  c_w.l(libinit2.o)
    0x0800023a   0x0800023a   0x00000002   Code   RO         1030    .ARM.Collect$$libinit$$00000035  c_w.l(libinit2.o)
    0x0800023c   0x0800023c   0x00000002   Code   RO         1054    .ARM.Collect$$libshutdown$$00000000  c_w.l(libshutdown.o)
    0x0800023e   0x0800023e   0x00000000   Code   RO         1069    .ARM.Collect$$libshutdown$$00000002  c_w.l(libshutdown2.o)
    0x0800023e   0x0800023e   0x00000000   Code   RO         1071    .ARM.Collect$$libshutdown$$00000004  c_w.l(libshutdown2.o)
    0x0800023e   0x0800023e   0x00000000   Code   RO         1074    .ARM.Collect$$libshutdown$$00000007  c_w.l(libshutdown2.o)
    0x0800023e   0x0800023e   0x00000000   Code   RO         1077    .ARM.Collect$$libshutdown$$0000000A  c_w.l(libshutdown2.o)
    0x0800023e   0x0800023e   0x00000000   Code   RO         1079    .ARM.Collect$$libshutdown$$0000000C  c_w.l(libshutdown2.o)
    0x0800023e   0x0800023e   0x00000000   Code   RO         1082    .ARM.Collect$$libshutdown$$0000000F  c_w.l(libshutdown2.o)
    0x0800023e   0x0800023e   0x00000002   Code   RO         1083    .ARM.Collect$$libshutdown$$00000010  c_w.l(libshutdown2.o)
    0x08000240   0x08000240   0x00000000   Code   RO          779    .ARM.Collect$$rtentry$$00000000  c_w.l(__rtentry.o)
    0x08000240   0x08000240   0x00000000   Code   RO          884    .ARM.Collect$$rtentry$$00000002  c_w.l(__rtentry2.o)
    0x08000240   0x08000240   0x00000006   Code   RO          896    .ARM.Collect$$rtentry$$00000004  c_w.l(__rtentry4.o)
    0x08000246   0x08000246   0x00000008   Code   RO          885    .ARM.Collect$$rtentry$$00000008  c_w.l(__rtentry2.o)
    0x0800024e   0x0800024e   0x00000004   Code   RO          887    .ARM.Collect$$rtentry$$0000000A  c_w.l(__rtentry2.o)
    0x08000252   0x08000252   0x00000000   Code   RO          889    .ARM.Collect$$rtentry$$0000000C  c_w.l(__rtentry2.o)
    0x08000252   0x08000252   0x00000008   Code   RO          890    .ARM.Collect$$rtentry$$0000000D  c_w.l(__rtentry2.o)
    0x0800025a   0x0800025a   0x00000002   Code   RO          975    .ARM.Collect$$rtexit$$00000000  c_w.l(rtexit.o)
    0x0800025c   0x0800025c   0x00000000   Code   RO         1032    .ARM.Collect$$rtexit$$00000002  c_w.l(rtexit2.o)
    0x0800025c   0x0800025c   0x00000004   Code   RO         1033    .ARM.Collect$$rtexit$$00000003  c_w.l(rtexit2.o)
    0x08000260   0x08000260   0x00000006   Code   RO         1034    .ARM.Collect$$rtexit$$00000004  c_w.l(rtexit2.o)
    0x08000266   0x08000266   0x00000002   PAD
    0x08000268   0x08000268   0x00000040   Code   RO          267  * .text               startup_stm32f10x_md.o
    0x080002a8   0x080002a8   0x00000040   Code   RO          767    .text               c_w.l(snprintf.o)
    0x080002e8   0x080002e8   0x0000008a   Code   RO          769    .text               c_w.l(rt_memcpy_v6.o)
    0x08000372   0x08000372   0x00000010   Code   RO          771    .text               c_w.l(aeabi_memset4.o)
    0x08000382   0x08000382   0x00000044   Code   RO          773    .text               c_w.l(rt_memclr.o)
    0x080003c6   0x080003c6   0x00000006   Code   RO          775    .text               c_w.l(heapauxi.o)
    0x080003cc   0x080003cc   0x0000004e   Code   RO          782    .text               c_w.l(_printf_pad.o)
    0x0800041a   0x0800041a   0x00000024   Code   RO          784    .text               c_w.l(_printf_truncate.o)
    0x0800043e   0x0800043e   0x00000052   Code   RO          786    .text               c_w.l(_printf_str.o)
    0x08000490   0x08000490   0x00000078   Code   RO          788    .text               c_w.l(_printf_dec.o)
    0x08000508   0x08000508   0x00000028   Code   RO          790    .text               c_w.l(_printf_charcount.o)
    0x08000530   0x08000530   0x00000030   Code   RO          792    .text               c_w.l(_printf_char_common.o)
    0x08000560   0x08000560   0x00000010   Code   RO          794    .text               c_w.l(_snputc.o)
    0x08000570   0x08000570   0x000000bc   Code   RO          796    .text               c_w.l(_printf_wctomb.o)
    0x0800062c   0x0800062c   0x0000007c   Code   RO          799    .text               c_w.l(_printf_longlong_dec.o)
    0x080006a8   0x080006a8   0x00000070   Code   RO          805    .text               c_w.l(_printf_oct_int_ll.o)
    0x08000718   0x08000718   0x00000094   Code   RO          825    .text               c_w.l(_printf_hex_int_ll_ptr.o)
    0x080007ac   0x080007ac   0x00000188   Code   RO          845    .text               c_w.l(__printf_flags_ss_wp.o)
    0x08000934   0x08000934   0x00000064   Code   RO          871    .text               c_w.l(rt_memcpy_w.o)
    0x08000998   0x08000998   0x0000004e   Code   RO          873    .text               c_w.l(rt_memclr_w.o)
    0x080009e6   0x080009e6   0x0000008a   Code   RO          898    .text               c_w.l(lludiv10.o)
    0x08000a70   0x08000a70   0x000000b2   Code   RO          900    .text               c_w.l(_printf_intcommon.o)
    0x08000b22   0x08000b22   0x0000041c   Code   RO          902    .text               c_w.l(_printf_fp_dec.o)
    0x08000f3e   0x08000f3e   0x00000002   PAD
    0x08000f40   0x08000f40   0x000002fc   Code   RO          906    .text               c_w.l(_printf_fp_hex.o)
    0x0800123c   0x0800123c   0x0000002c   Code   RO          911    .text               c_w.l(_printf_char.o)
    0x08001268   0x08001268   0x0000002c   Code   RO          913    .text               c_w.l(_printf_wchar.o)
    0x08001294   0x08001294   0x00000048   Code   RO          916    .text               c_w.l(_c16rtomb.o)
    0x080012dc   0x080012dc   0x0000004a   Code   RO          918    .text               c_w.l(sys_stackheap_outer.o)
    0x08001326   0x08001326   0x00000002   PAD
    0x08001328   0x08001328   0x00000010   Code   RO          920    .text               c_w.l(rt_ctype_table.o)
    0x08001338   0x08001338   0x0000000a   Code   RO          927    .text               c_w.l(rt_locale_twolibspace.o)
    0x08001342   0x08001342   0x00000002   PAD
    0x08001344   0x08001344   0x00000080   Code   RO          929    .text               c_w.l(_printf_fp_infnan.o)
    0x080013c4   0x080013c4   0x000000e4   Code   RO          931    .text               c_w.l(bigflt0.o)
    0x080014a8   0x080014a8   0x00000012   Code   RO          961    .text               c_w.l(exit.o)
    0x080014ba   0x080014ba   0x00000002   PAD
    0x080014bc   0x080014bc   0x00000008   Code   RO          972    .text               c_w.l(libspace.o)
    0x080014c4   0x080014c4   0x00000080   Code   RO          982    .text               c_w.l(strcmpv7m.o)
    0x08001544   0x08001544   0x0000000c   Code   RO         1044    .text               c_w.l(sys_exit.o)
    0x08001550   0x08001550   0x00000002   Code   RO         1059    .text               c_w.l(use_no_semi.o)
    0x08001552   0x08001552   0x00000000   Code   RO         1061    .text               c_w.l(indicate_semi.o)
    0x08001552   0x08001552   0x00000002   PAD
    0x08001554   0x08001554   0x000000d2   Code   RO           10    .text.ADC1_Config   rtos4.o
    0x08001626   0x08001626   0x00000002   PAD
    0x08001628   0x08001628   0x0000002a   Code   RO            6    .text.GPIO_Config   rtos4.o
    0x08001652   0x08001652   0x00000002   PAD
    0x08001654   0x08001654   0x00000044   Code   RO          356    .text.PendSV_Handler  port.o
    0x08001698   0x08001698   0x00000024   Code   RO          352    .text.SVC_Handler   port.o
    0x080016bc   0x080016bc   0x00000008   Code   RO          276    .text.SetSysClock   system_stm32f10x.o
    0x080016c4   0x080016c4   0x00000122   Code   RO          280    .text.SetSysClockTo72  system_stm32f10x.o
    0x080017e6   0x080017e6   0x00000002   PAD
    0x080017e8   0x080017e8   0x0000001e   Code   RO           74    .text.SysTick_Handler  cmsis_os2.o
    0x08001806   0x08001806   0x00000002   PAD
    0x08001808   0x08001808   0x0000009a   Code   RO            4    .text.SystemClock_Config  rtos4.o
    0x080018a2   0x080018a2   0x00000002   PAD
    0x080018a4   0x080018a4   0x00000066   Code   RO          274    .text.SystemInit    system_stm32f10x.o
    0x0800190a   0x0800190a   0x00000002   PAD
    0x0800190c   0x0800190c   0x0000005a   Code   RO           14    .text.TIM2_Config   rtos4.o
    0x08001966   0x08001966   0x00000002   PAD
    0x08001968   0x08001968   0x00000070   Code   RO           22    .text.TIM2_IRQHandler  rtos4.o
    0x080019d8   0x080019d8   0x0000006a   Code   RO           18    .text.Task_ADC      rtos4.o
    0x08001a42   0x08001a42   0x00000002   PAD
    0x08001a44   0x08001a44   0x0000004a   Code   RO           16    .text.Task_Status   rtos4.o
    0x08001a8e   0x08001a8e   0x00000002   PAD
    0x08001a90   0x08001a90   0x0000005e   Code   RO           20    .text.Task_TimerHandler  rtos4.o
    0x08001aee   0x08001aee   0x00000002   PAD
    0x08001af0   0x08001af0   0x0000006c   Code   RO            8    .text.UART1_Config  rtos4.o
    0x08001b5c   0x08001b5c   0x0000002e   Code   RO           24    .text.UART1_SendChar  rtos4.o
    0x08001b8a   0x08001b8a   0x00000002   PAD
    0x08001b8c   0x08001b8c   0x00000022   Code   RO           12    .text.UART1_SendString  rtos4.o
    0x08001bae   0x08001bae   0x00000002   PAD
    0x08001bb0   0x08001bb0   0x00000030   Code   RO           28    .text.__NVIC_EnableIRQ  rtos4.o
    0x08001be0   0x08001be0   0x00000042   Code   RO           26    .text.__NVIC_SetPriority  rtos4.o
    0x08001c22   0x08001c22   0x00000002   PAD
    0x08001c24   0x08001c24   0x00000028   Code   RO           55    .text._mutex_acquire  clib_os.o
    0x08001c4c   0x08001c4c   0x00000054   Code   RO           61    .text._mutex_free   clib_os.o
    0x08001ca0   0x08001ca0   0x000000a8   Code   RO           53    .text._mutex_initialize  clib_os.o
    0x08001d48   0x08001d48   0x0000002a   Code   RO           59    .text._mutex_release  clib_os.o
    0x08001d72   0x08001d72   0x00000002   PAD
    0x08001d74   0x08001d74   0x00000002   Code   RO           47    .text._platform_post_stackheap_init  clib_os.o
    0x08001d76   0x08001d76   0x00000002   PAD
    0x08001d78   0x08001d78   0x00000028   Code   RO           34    .text.delay_ms      rtos4.o
    0x08001da0   0x08001da0   0x00000020   Code   RO           57    .text.is_thread_mode  clib_os.o
    0x08001dc0   0x08001dc0   0x000000f6   Code   RO            2    .text.main          rtos4.o
    0x08001eb6   0x08001eb6   0x00000002   PAD
    0x08001eb8   0x08001eb8   0x00000020   Code   RO           51    .text.os_kernel_is_active  clib_os.o
    0x08001ed8   0x08001ed8   0x0000010e   Code   RO          525    .text.prvAddCurrentTaskToDelayedList  tasks.o
    0x08001fe6   0x08001fe6   0x00000002   PAD
    0x08001fe8   0x08001fe8   0x00000170   Code   RO          509    .text.prvAddNewTaskToReadyList  tasks.o
    0x08002158   0x08002158   0x0000007e   Code   RO          687    .text.prvCheckForValidListAndQueue  timers.o
    0x080021d6   0x080021d6   0x00000002   PAD
    0x080021d8   0x080021d8   0x0000005a   Code   RO          559    .text.prvCheckTasksWaitingTermination  tasks.o
    0x08002232   0x08002232   0x00000002   PAD
    0x08002234   0x08002234   0x00000042   Code   RO          462    .text.prvCopyDataFromQueue  queue.o
    0x08002276   0x08002276   0x00000002   PAD
    0x08002278   0x08002278   0x000000cc   Code   RO          450    .text.prvCopyDataToQueue  queue.o
    0x08002344   0x08002344   0x000000d8   Code   RO          555    .text.prvCreateIdleTasks  tasks.o
    0x0800241c   0x0800241c   0x000000aa   Code   RO          507    .text.prvCreateStaticTask  tasks.o
    0x080024c6   0x080024c6   0x00000002   PAD
    0x080024c8   0x080024c8   0x0000008e   Code   RO          513    .text.prvCreateTask  tasks.o
    0x08002556   0x08002556   0x00000002   PAD
    0x08002558   0x08002558   0x00000050   Code   RO          519    .text.prvDeleteTCB  tasks.o
    0x080025a8   0x080025a8   0x00000026   Code   RO          466    .text.prvGetHighestPriorityOfWaitToReceiveList  queue.o
    0x080025ce   0x080025ce   0x00000002   PAD
    0x080025d0   0x080025d0   0x00000040   Code   RO          733    .text.prvGetNextExpireTime  timers.o
    0x08002610   0x08002610   0x000000aa   Code   RO          384    .text.prvHeapInit   heap_4.o
    0x080026ba   0x080026ba   0x00000002   PAD
    0x080026bc   0x080026bc   0x00000038   Code   RO          649    .text.prvIdleTask   tasks.o
    0x080026f4   0x080026f4   0x0000002c   Code   RO          430    .text.prvInitialiseMutex  queue.o
    0x08002720   0x08002720   0x00000048   Code   RO          422    .text.prvInitialiseNewQueue  queue.o
    0x08002768   0x08002768   0x00000108   Code   RO          645    .text.prvInitialiseNewTask  tasks.o
    0x08002870   0x08002870   0x0000008e   Code   RO          647    .text.prvInitialiseTaskLists  tasks.o
    0x080028fe   0x080028fe   0x00000002   PAD
    0x08002900   0x08002900   0x00000118   Code   RO          388    .text.prvInsertBlockIntoFreeList  heap_4.o
    0x08002a18   0x08002a18   0x00000086   Code   RO          747    .text.prvInsertTimerInActiveList  timers.o
    0x08002a9e   0x08002a9e   0x00000002   PAD
    0x08002aa0   0x08002aa0   0x00000028   Code   RO          464    .text.prvIsQueueEmpty  queue.o
    0x08002ac8   0x08002ac8   0x0000002e   Code   RO          452    .text.prvIsQueueFull  queue.o
    0x08002af6   0x08002af6   0x00000002   PAD
    0x08002af8   0x08002af8   0x00000020   Code   RO          360    .text.prvPortStartFirstTask  port.o
    0x08002b18   0x08002b18   0x00000054   Code   RO          741    .text.prvProcessExpiredTimer  timers.o
    0x08002b6c   0x08002b6c   0x0000017a   Code   RO          737    .text.prvProcessReceivedCommands  timers.o
    0x08002ce6   0x08002ce6   0x00000002   PAD
    0x08002ce8   0x08002ce8   0x0000009a   Code   RO          735    .text.prvProcessTimerOrBlockTask  timers.o
    0x08002d82   0x08002d82   0x00000002   PAD
    0x08002d84   0x08002d84   0x00000034   Code   RO          745    .text.prvReloadTimer  timers.o
    0x08002db8   0x08002db8   0x0000003c   Code   RO          517    .text.prvResetNextTaskUnblockTime  tasks.o
    0x08002df4   0x08002df4   0x00000044   Code   RO          739    .text.prvSampleTimeNow  timers.o
    0x08002e38   0x08002e38   0x00000052   Code   RO          743    .text.prvSwitchTimerLists  timers.o
    0x08002e8a   0x08002e8a   0x00000002   PAD
    0x08002e8c   0x08002e8c   0x0000003e   Code   RO          350    .text.prvTaskExitError  port.o
    0x08002eca   0x08002eca   0x00000002   PAD
    0x08002ecc   0x08002ecc   0x0000001e   Code   RO          689    .text.prvTimerTask  timers.o
    0x08002eea   0x08002eea   0x00000002   PAD
    0x08002eec   0x08002eec   0x000000ae   Code   RO          454    .text.prvUnlockQueue  queue.o
    0x08002f9a   0x08002f9a   0x00000002   PAD
    0x08002f9c   0x08002f9c   0x000002b8   Code   RO          382    .text.pvPortMalloc  heap_4.o
    0x08003254   0x08003254   0x00000024   Code   RO          623    .text.pvTaskIncrementMutexHeldCount  tasks.o
    0x08003278   0x08003278   0x00000050   Code   RO          348    .text.pxPortInitialiseStack  port.o
    0x080032c8   0x080032c8   0x0000005a   Code   RO           32    .text.readADC       rtos4.o
    0x08003322   0x08003322   0x00000002   PAD
    0x08003324   0x08003324   0x00000058   Code   RO           30    .text.readADC_Avg   rtos4.o
    0x0800337c   0x0800337c   0x00000130   Code   RO          625    .text.ulTaskGenericNotifyTake  tasks.o
    0x080034ac   0x080034ac   0x00000048   Code   RO          339    .text.uxListRemove  list.o
    0x080034f4   0x080034f4   0x0000002a   Code   RO          639    .text.vApplicationGetIdleTaskMemory  tasks.o
    0x0800351e   0x0800351e   0x00000002   PAD
    0x08003520   0x08003520   0x0000002a   Code   RO          641    .text.vApplicationGetTimerTaskMemory  tasks.o
    0x0800354a   0x0800354a   0x00000002   PAD
    0x0800354c   0x0800354c   0x00000010   Code   RO          228    .text.vApplicationStackOverflowHook  cmsis_os2.o
    0x0800355c   0x0800355c   0x0000002e   Code   RO          331    .text.vListInitialise  list.o
    0x0800358a   0x0800358a   0x00000002   PAD
    0x0800358c   0x0800358c   0x0000000e   Code   RO          333    .text.vListInitialiseItem  list.o
    0x0800359a   0x0800359a   0x00000002   PAD
    0x0800359c   0x0800359c   0x0000006a   Code   RO          337    .text.vListInsert   list.o
    0x08003606   0x08003606   0x00000002   PAD
    0x08003608   0x08003608   0x00000048   Code   RO          364    .text.vPortEnterCritical  port.o
    0x08003650   0x08003650   0x0000003c   Code   RO          366    .text.vPortExitCritical  port.o
    0x0800368c   0x0800368c   0x000000de   Code   RO          386    .text.vPortFree     heap_4.o
    0x0800376a   0x0800376a   0x00000002   PAD
    0x0800376c   0x0800376c   0x00000044   Code   RO          358    .text.vPortSetupTimerInterrupt  port.o
    0x080037b0   0x080037b0   0x00000068   Code   RO          370    .text.vPortValidateInterruptPriority  port.o
    0x08003818   0x08003818   0x00000030   Code   RO          480    .text.vQueueDelete  queue.o
    0x08003848   0x08003848   0x00000064   Code   RO          496    .text.vQueueWaitForMessageRestricted  queue.o
    0x080038ac   0x080038ac   0x00000062   Code   RO          529    .text.vTaskDelay    tasks.o
    0x0800390e   0x0800390e   0x00000002   PAD
    0x08003910   0x08003910   0x000001e8   Code   RO          633    .text.vTaskGenericNotifyGiveFromISR  tasks.o
    0x08003af8   0x08003af8   0x00000024   Code   RO          593    .text.vTaskInternalSetTimeOutState  tasks.o
    0x08003b1c   0x08003b1c   0x0000000e   Code   RO          597    .text.vTaskMissedYield  tasks.o
    0x08003b2a   0x08003b2a   0x00000002   PAD
    0x08003b2c   0x08003b2c   0x00000034   Code   RO          581    .text.vTaskPlaceOnEventList  tasks.o
    0x08003b60   0x08003b60   0x00000072   Code   RO          585    .text.vTaskPlaceOnEventListRestricted  tasks.o
    0x08003bd2   0x08003bd2   0x00000002   PAD
    0x08003bd4   0x08003bd4   0x00000166   Code   RO          619    .text.vTaskPriorityDisinheritAfterTimeout  tasks.o
    0x08003d3a   0x08003d3a   0x00000002   PAD
    0x08003d3c   0x08003d3c   0x00000082   Code   RO          553    .text.vTaskStartScheduler  tasks.o
    0x08003dbe   0x08003dbe   0x00000002   PAD
    0x08003dc0   0x08003dc0   0x00000010   Code   RO          523    .text.vTaskSuspendAll  tasks.o
    0x08003dd0   0x08003dd0   0x00000138   Code   RO          545    .text.vTaskSwitchContext  tasks.o
    0x08003f08   0x08003f08   0x00000158   Code   RO          354    .text.xPortStartScheduler  port.o
    0x08004060   0x08004060   0x0000003e   Code   RO          368    .text.xPortSysTickHandler  port.o
    0x0800409e   0x0800409e   0x00000002   PAD
    0x080040a0   0x080040a0   0x00000026   Code   RO          428    .text.xQueueCreateMutex  queue.o
    0x080040c6   0x080040c6   0x00000002   PAD
    0x080040c8   0x080040c8   0x00000032   Code   RO          432    .text.xQueueCreateMutexStatic  queue.o
    0x080040fa   0x080040fa   0x00000002   PAD
    0x080040fc   0x080040fc   0x00000094   Code   RO          426    .text.xQueueGenericCreate  queue.o
    0x08004190   0x08004190   0x0000009e   Code   RO          420    .text.xQueueGenericCreateStatic  queue.o
    0x0800422e   0x0800422e   0x00000002   PAD
    0x08004230   0x08004230   0x000000ec   Code   RO          418    .text.xQueueGenericReset  queue.o
    0x0800431c   0x0800431c   0x000001f4   Code   RO          440    .text.xQueueGenericSend  queue.o
    0x08004510   0x08004510   0x000001b2   Code   RO          460    .text.xQueueReceive  queue.o
    0x080046c2   0x080046c2   0x00000002   PAD
    0x080046c4   0x080046c4   0x000001e6   Code   RO          444    .text.xQueueSemaphoreTake  queue.o
    0x080048aa   0x080048aa   0x00000002   PAD
    0x080048ac   0x080048ac   0x000000e0   Code   RO          595    .text.xTaskCheckForTimeOut  tasks.o
    0x0800498c   0x0800498c   0x00000052   Code   RO          511    .text.xTaskCreate   tasks.o
    0x080049de   0x080049de   0x00000002   PAD
    0x080049e0   0x080049e0   0x0000005c   Code   RO          505    .text.xTaskCreateStatic  tasks.o
    0x08004a3c   0x08004a3c   0x00000038   Code   RO          613    .text.xTaskGetSchedulerState  tasks.o
    0x08004a74   0x08004a74   0x00000014   Code   RO          563    .text.xTaskGetTickCount  tasks.o
    0x08004a88   0x08004a88   0x00000276   Code   RO          561    .text.xTaskIncrementTick  tasks.o
    0x08004cfe   0x08004cfe   0x00000002   PAD
    0x08004d00   0x08004d00   0x0000011e   Code   RO          617    .text.xTaskPriorityDisinherit  tasks.o
    0x08004e1e   0x08004e1e   0x00000002   PAD
    0x08004e20   0x08004e20   0x0000015c   Code   RO          615    .text.xTaskPriorityInherit  tasks.o
    0x08004f7c   0x08004f7c   0x000001a2   Code   RO          587    .text.xTaskRemoveFromEventList  tasks.o
    0x0800511e   0x0800511e   0x00000002   PAD
    0x08005120   0x08005120   0x00000248   Code   RO          527    .text.xTaskResumeAll  tasks.o
    0x08005368   0x08005368   0x00000086   Code   RO          685    .text.xTimerCreateTimerTask  timers.o
    0x080053ee   0x080053ee   0x0000003e   Code   RO          934    CL$$btod_d2e        c_w.l(btod.o)
    0x0800542c   0x0800542c   0x00000046   Code   RO          936    CL$$btod_d2e_denorm_low  c_w.l(btod.o)
    0x08005472   0x08005472   0x00000060   Code   RO          935    CL$$btod_d2e_norm_op1  c_w.l(btod.o)
    0x080054d2   0x080054d2   0x00000002   PAD
    0x080054d4   0x080054d4   0x00000338   Code   RO          944    CL$$btod_div_common  c_w.l(btod.o)
    0x0800580c   0x0800580c   0x000000dc   Code   RO          941    CL$$btod_e2e        c_w.l(btod.o)
    0x080058e8   0x080058e8   0x0000002a   Code   RO          938    CL$$btod_ediv       c_w.l(btod.o)
    0x08005912   0x08005912   0x0000002a   Code   RO          937    CL$$btod_emul       c_w.l(btod.o)
    0x0800593c   0x0800593c   0x00000244   Code   RO          943    CL$$btod_mult_common  c_w.l(btod.o)
    0x08005b80   0x08005b80   0x00000028   Code   RO          970    i.__ARM_fpclassify  m_ws.l(fpclassify.o)
    0x08005ba8   0x08005ba8   0x0000000e   Code   RO          838    i._is_digit         c_w.l(__printf_wp.o)
    0x08005bb6   0x08005bb6   0x00000002   PAD
    0x08005bb8   0x08005bb8   0x0000002c   Code   RO          959    locale$$code        c_w.l(lc_numeric_c.o)
    0x08005be4   0x08005be4   0x0000002c   Code   RO          980    locale$$code        c_w.l(lc_ctype_c.o)
    0x08005c10   0x08005c10   0x00000004   Code   RO          875    x$fpl$printf1       fz_ws.l(printf1.o)
    0x08005c14   0x08005c14   0x00000004   Code   RO          877    x$fpl$printf2       fz_ws.l(printf2.o)
    0x08005c18   0x08005c18   0x00000000   Code   RO          969    x$fpl$usenofp       fz_ws.l(usenofp.o)
    0x08005c18   0x08005c18   0x00000008   Data   RO          797    .constdata          c_w.l(_printf_wctomb.o)
    0x08005c20   0x08005c20   0x00000028   Data   RO          826    .constdata          c_w.l(_printf_hex_int_ll_ptr.o)
    0x08005c48   0x08005c48   0x00000011   Data   RO          846    .constdata          c_w.l(__printf_flags_ss_wp.o)
    0x08005c59   0x08005c59   0x00000026   Data   RO          907    .constdata          c_w.l(_printf_fp_hex.o)
    0x08005c7f   0x08005c7f   0x00000001   PAD
    0x08005c80   0x08005c80   0x00000094   Data   RO          932    .constdata          c_w.l(bigflt0.o)
    0x08005d14   0x08005d14   0x000000cf   Data   RO           36    .rodata.str1.1      rtos4.o
    0x08005de3   0x08005de3   0x00000005   Data   RO          677    .rodata.str1.1      tasks.o
    0x08005de8   0x08005de8   0x00000008   Data   RO          750    .rodata.str1.1      timers.o
    0x08005df0   0x08005df0   0x00000004   Data   RO          668    .rodata.uxTopUsedPriority  tasks.o
    0x08005df4   0x08005df4   0x00000020   Data   RO         1117    Region$$Table       anon$$obj.o
    0x08005e14   0x08005e14   0x0000001c   Data   RO          958    locale$$data        c_w.l(lc_numeric_c.o)
    0x08005e30   0x08005e30   0x00000110   Data   RO          979    locale$$data        c_w.l(lc_ctype_c.o)


    Execution Region ER_RW (Exec base: 0x20000000, Load base: 0x08005f40, Size: 0x00000008, Max: 0xffffffff, ABSOLUTE)

    Exec Addr    Load Addr    Size         Type   Attr      Idx    E Section Name        Object

    0x20000000   0x08005f40   0x00000004   Data   RW          282    .data.SystemCoreClock  system_stm32f10x.o
    0x20000004   0x08005f44   0x00000004   Data   RW          374    .data.uxCriticalNesting  port.o


    Execution Region ER_ZI (Exec base: 0x20000008, Load base: 0x08005f48, Size: 0x000032c8, Max: 0xffffffff, ABSOLUTE)

    Exec Addr    Load Addr    Size         Type   Attr      Idx    E Section Name        Object

    0x20000008        -       0x00000060   Zero   RW          973    .bss                c_w.l(libspace.o)
    0x20000068        -       0x00000190   Zero   RW           66    .bss.clib_mutex_cb  clib_os.o
    0x200001f8        -       0x00000014   Zero   RW           65    .bss.clib_mutex_id  clib_os.o
    0x2000020c        -       0x00000050   Zero   RW          758    .bss.prvCheckForValidListAndQueue.ucStaticTimerQueueStorage  timers.o
    0x2000025c        -       0x00000050   Zero   RW          757    .bss.prvCheckForValidListAndQueue.xStaticTimerQueue  timers.o
    0x200002ac        -       0x00000004   Zero   RW          754    .bss.prvSampleTimeNow.xLastTime  timers.o
    0x200002b0        -       0x00000004   Zero   RW          651    .bss.pxCurrentTCB   tasks.o
    0x200002b4        -       0x00000004   Zero   RW          752    .bss.pxCurrentTimerList  timers.o
    0x200002b8        -       0x00000004   Zero   RW          659    .bss.pxDelayedTaskList  tasks.o
    0x200002bc        -       0x00000004   Zero   RW          404    .bss.pxEnd          heap_4.o
    0x200002c0        -       0x00000004   Zero   RW          660    .bss.pxOverflowDelayedTaskList  tasks.o
    0x200002c4        -       0x00000004   Zero   RW          753    .bss.pxOverflowTimerList  timers.o
    0x200002c8        -       0x00000460   Zero   RW          663    .bss.pxReadyTasksLists  tasks.o
    0x20000728        -       0x00002000   Zero   RW          407    .bss.ucHeap         heap_4.o
    0x20002728        -       0x00000001   Zero   RW          372    .bss.ucMaxSysCallPriority  port.o
    0x20002729   0x08005f48   0x00000003   PAD
    0x2000272c        -       0x00000004   Zero   RW          373    .bss.ulMaxPRIGROUPValue  port.o
    0x20002730        -       0x00000004   Zero   RW          656    .bss.uxCurrentNumberOfTasks  tasks.o
    0x20002734        -       0x00000004   Zero   RW          655    .bss.uxDeletedTasksWaitingCleanUp  tasks.o
    0x20002738        -       0x00000004   Zero   RW          657    .bss.uxSchedulerSuspended  tasks.o
    0x2000273c        -       0x00000004   Zero   RW          652    .bss.uxTaskNumber   tasks.o
    0x20002740        -       0x00000004   Zero   RW          664    .bss.uxTopReadyPriority  tasks.o
    0x20002744        -       0x00000200   Zero   RW          672    .bss.vApplicationGetIdleTaskMemory.uxIdleTaskStack  tasks.o
    0x20002944        -       0x0000005c   Zero   RW          671    .bss.vApplicationGetIdleTaskMemory.xIdleTaskTCB  tasks.o
    0x200029a0        -       0x00000200   Zero   RW          674    .bss.vApplicationGetTimerTaskMemory.uxTimerTaskStack  tasks.o
    0x20002ba0        -       0x0000005c   Zero   RW          673    .bss.vApplicationGetTimerTaskMemory.xTimerTaskTCB  tasks.o
    0x20002bfc        -       0x00000014   Zero   RW          755    .bss.xActiveTimerList1  timers.o
    0x20002c10        -       0x00000014   Zero   RW          756    .bss.xActiveTimerList2  timers.o
    0x20002c24        -       0x00000014   Zero   RW          675    .bss.xDelayedTaskList1  tasks.o
    0x20002c38        -       0x00000014   Zero   RW          676    .bss.xDelayedTaskList2  tasks.o
    0x20002c4c        -       0x00000004   Zero   RW          405    .bss.xFreeBytesRemaining  heap_4.o
    0x20002c50        -       0x00000004   Zero   RW          667    .bss.xIdleTaskHandles  tasks.o
    0x20002c54        -       0x00000004   Zero   RW          408    .bss.xMinimumEverFreeBytesRemaining  heap_4.o
    0x20002c58        -       0x00000004   Zero   RW          666    .bss.xNextTaskUnblockTime  tasks.o
    0x20002c5c        -       0x00000004   Zero   RW          670    .bss.xNumOfOverflows  tasks.o
    0x20002c60        -       0x00000004   Zero   RW          409    .bss.xNumberOfSuccessfulAllocations  heap_4.o
    0x20002c64        -       0x00000004   Zero   RW          410    .bss.xNumberOfSuccessfulFrees  heap_4.o
    0x20002c68        -       0x00000004   Zero   RW          669    .bss.xPendedTicks   tasks.o
    0x20002c6c        -       0x00000014   Zero   RW          661    .bss.xPendingReadyList  tasks.o
    0x20002c80        -       0x00000004   Zero   RW          653    .bss.xSchedulerRunning  tasks.o
    0x20002c84        -       0x00000008   Zero   RW          406    .bss.xStart         heap_4.o
    0x20002c8c        -       0x00000014   Zero   RW          662    .bss.xSuspendedTaskList  tasks.o
    0x20002ca0        -       0x00000014   Zero   RW          654    .bss.xTasksWaitingTermination  tasks.o
    0x20002cb4        -       0x00000004   Zero   RW          658    .bss.xTickCount     tasks.o
    0x20002cb8        -       0x00000004   Zero   RW          749    .bss.xTimerQueue    timers.o
    0x20002cbc        -       0x00000004   Zero   RW           38    .bss.xTimerTaskHandle  rtos4.o
    0x20002cc0        -       0x00000004   Zero   RW          751    .bss.xTimerTaskHandle  timers.o
    0x20002cc4        -       0x00000004   Zero   RW           37    .bss.xUART_Mutex    rtos4.o
    0x20002cc8        -       0x00000004   Zero   RW          665    .bss.xYieldPendings  tasks.o
    0x20002ccc   0x08005f48   0x00000004   PAD
    0x20002cd0        -       0x00000200   Zero   RW          265    HEAP                startup_stm32f10x_md.o
    0x20002ed0        -       0x00000400   Zero   RW          264    STACK               startup_stm32f10x_md.o


==============================================================================

Image component sizes


      Code (inc. data)   RO Data    RW Data    ZI Data      Debug   Object Name

       400          0          0          0        420       3849   clib_os.o
        46          0          0          0          0      29984   cmsis_os2.o
      1368          0          0          0       8220       4920   heap_4.o
       238          0          0          0          0       2386   list.o
       988         12          0          4          5       3654   port.o
      2882          0          0          0          0      15595   queue.o
      1648          0        207          0          8       8421   rtos4.o
        64         26        236          0       1536        864   startup_stm32f10x_md.o
       400          0          0          4          0       3018   system_stm32f10x.o
      6640          0          9          0       2488      28115   tasks.o
      1306         10          8          0        220      11588   timers.o

    ----------------------------------------------------------------------
     16090         48        492          8      12904     112394   Object Totals
         0          0         32          0          0          0   (incl. Generated)
       110          0          0          0          7          0   (incl. Padding)

    ----------------------------------------------------------------------

      Code (inc. data)   RO Data    RW Data    ZI Data      Debug   Library Member Name

         8          0          0          0          0         68   __main.o
       392          4         17          0          0         92   __printf_flags_ss_wp.o
        14          0          0          0          0         68   __printf_wp.o
         0          0          0          0          0          0   __rtentry.o
        20          0          0          0          0          0   __rtentry2.o
         6          0          0          0          0          0   __rtentry4.o
        94          8          0          0          0          0   __scatter.o
        26          0          0          0          0          0   __scatter_copy.o
        28          0          0          0          0          0   __scatter_zi.o
        72          0          0          0          0         96   _c16rtomb.o
         6          0          0          0          0          0   _printf_a.o
         6          0          0          0          0          0   _printf_c.o
        44          0          0          0          0        108   _printf_char.o
        48          6          0          0          0         96   _printf_char_common.o
        40          0          0          0          0         68   _printf_charcount.o
         6          0          0          0          0          0   _printf_d.o
       120         16          0          0          0         92   _printf_dec.o
         6          0          0          0          0          0   _printf_e.o
         6          0          0          0          0          0   _printf_f.o
      1052          0          0          0          0        148   _printf_fp_dec.o
       764          8         38          0          0        100   _printf_fp_hex.o
       128         16          0          0          0         84   _printf_fp_infnan.o
         6          0          0          0          0          0   _printf_g.o
       148          4         40          0          0        160   _printf_hex_int_ll_ptr.o
         6          0          0          0          0          0   _printf_i.o
       178          0          0          0          0         88   _printf_intcommon.o
        10          0          0          0          0          0   _printf_l.o
         6          0          0          0          0          0   _printf_lc.o
        10          0          0          0          0          0   _printf_ll.o
         6          0          0          0          0          0   _printf_lld.o
         6          0          0          0          0          0   _printf_lli.o
         6          0          0          0          0          0   _printf_llo.o
         6          0          0          0          0          0   _printf_llu.o
         6          0          0          0          0          0   _printf_llx.o
       124         16          0          0          0         92   _printf_longlong_dec.o
         6          0          0          0          0          0   _printf_ls.o
         6          0          0          0          0          0   _printf_n.o
         6          0          0          0          0          0   _printf_o.o
       112          8          0          0          0        124   _printf_oct_int_ll.o
         6          0          0          0          0          0   _printf_p.o
        78          0          0          0          0        108   _printf_pad.o
         0          0          0          0          0          0   _printf_percent.o
         4          0          0          0          0          0   _printf_percent_end.o
         6          0          0          0          0          0   _printf_s.o
        82          0          0          0          0         80   _printf_str.o
        36          0          0          0          0         84   _printf_truncate.o
         6          0          0          0          0          0   _printf_u.o
        44          0          0          0          0        108   _printf_wchar.o
       188          6          8          0          0         92   _printf_wctomb.o
         6          0          0          0          0          0   _printf_x.o
        16          0          0          0          0         68   _snputc.o
        16          0          0          0          0         68   aeabi_memset4.o
       228          4        148          0          0         96   bigflt0.o
      1936        128          0          0          0        668   btod.o
        18          0          0          0          0         80   exit.o
         6          0          0          0          0        152   heapauxi.o
         0          0          0          0          0          0   indicate_semi.o
        44         10        272          0          0         76   lc_ctype_c.o
        44         10         28          0          0         76   lc_numeric_c.o
         2          0          0          0          0          0   libinit.o
        30          0          0          0          0          0   libinit2.o
         2          0          0          0          0          0   libshutdown.o
         2          0          0          0          0          0   libshutdown2.o
         8          4          0          0         96         68   libspace.o
       138          0          0          0          0         80   lludiv10.o
        16          4          0          0          0         76   rt_ctype_table.o
        10          0          0          0          0         76   rt_locale_twolibspace.o
        68          0          0          0          0         68   rt_memclr.o
        78          0          0          0          0         80   rt_memclr_w.o
       138          0          0          0          0         68   rt_memcpy_v6.o
       100          0          0          0          0         80   rt_memcpy_w.o
         2          0          0          0          0          0   rtexit.o
        10          0          0          0          0          0   rtexit2.o
        64          6          0          0          0         84   snprintf.o
       128          0          0          0          0         68   strcmpv7m.o
        12          4          0          0          0         68   sys_exit.o
        74          0          0          0          0         80   sys_stackheap_outer.o
         2          0          0          0          0         68   use_no_semi.o
         4          0          0          0          0         68   printf1.o
         4          0          0          0          0         68   printf2.o
         0          0          0          0          0          0   usenofp.o
        40          0          0          0          0         68   fpclassify.o

    ----------------------------------------------------------------------
      7250        262        552          0         96       4408   Library Totals
        20          0          1          0          0          0   (incl. Padding)

    ----------------------------------------------------------------------

      Code (inc. data)   RO Data    RW Data    ZI Data      Debug   Library Name

      7182        262        551          0         96       4204   c_w.l
         8          0          0          0          0        136   fz_ws.l
        40          0          0          0          0         68   m_ws.l

    ----------------------------------------------------------------------
      7250        262        552          0         96       4408   Library Totals

    ----------------------------------------------------------------------

==============================================================================


      Code (inc. data)   RO Data    RW Data    ZI Data      Debug   

     23340        310       1044          8      13000     114294   Grand Totals
     23340        310       1044          8      13000     114294   ELF Image Totals
     23340        310       1044          8          0          0   ROM Totals

==============================================================================

    Total RO  Size (Code + RO Data)                24384 (  23.81kB)
    Total RW  Size (RW Data + ZI Data)             13008 (  12.70kB)
    Total ROM Size (Code + RO Data + RW Data)      24392 (  23.82kB)

==============================================================================

